Component: Arm Compiler for Embedded 6.19 Tool: armlink [5e73cb00]

==============================================================================

Section Cross References

    main.o(.text.main) refers to stm32l0xx_hal.o(.text.HAL_Init) for HAL_Init
    main.o(.text.main) refers to main.o(.text.SystemClock_Config) for SystemClock_Config
    main.o(.text.main) refers to main.o(.text.Init_LED1) for Init_LED1
    main.o(.ARM.exidx.text.main) refers to main.o(.text.main) for [Anonymous Symbol]
    main.o(.text.SystemClock_Config) refers to rt_memclr.o(.text) for __aeabi_memclr4
    main.o(.text.SystemClock_Config) refers to stm32l0xx_hal_rcc.o(.text.HAL_RCC_OscConfig) for HAL_RCC_OscConfig
    main.o(.text.SystemClock_Config) refers to main.o(.text.Error_Handler) for Error_Handler
    main.o(.text.SystemClock_Config) refers to stm32l0xx_hal_rcc.o(.text.HAL_RCC_ClockConfig) for HAL_RCC_ClockConfig
    main.o(.ARM.exidx.text.SystemClock_Config) refers to main.o(.text.SystemClock_Config) for [Anonymous Symbol]
    main.o(.ARM.exidx.text.Init_LED1) refers to main.o(.text.Init_LED1) for [Anonymous Symbol]
    main.o(.ARM.exidx.text.Delay) refers to main.o(.text.Delay) for [Anonymous Symbol]
    main.o(.ARM.exidx.text.Error_Handler) refers to main.o(.text.Error_Handler) for [Anonymous Symbol]
    stm32l0xx_it.o(.ARM.exidx.text.NMI_Handler) refers to stm32l0xx_it.o(.text.NMI_Handler) for [Anonymous Symbol]
    stm32l0xx_it.o(.ARM.exidx.text.HardFault_Handler) refers to stm32l0xx_it.o(.text.HardFault_Handler) for [Anonymous Symbol]
    stm32l0xx_it.o(.ARM.exidx.text.SVC_Handler) refers to stm32l0xx_it.o(.text.SVC_Handler) for [Anonymous Symbol]
    stm32l0xx_it.o(.ARM.exidx.text.PendSV_Handler) refers to stm32l0xx_it.o(.text.PendSV_Handler) for [Anonymous Symbol]
    stm32l0xx_it.o(.text.SysTick_Handler) refers to stm32l0xx_hal.o(.text.HAL_IncTick) for HAL_IncTick
    stm32l0xx_it.o(.ARM.exidx.text.SysTick_Handler) refers to stm32l0xx_it.o(.text.SysTick_Handler) for [Anonymous Symbol]
    stm32l0xx_hal.o(.text.HAL_Init) refers to stm32l0xx_hal.o(.text.HAL_InitTick) for HAL_InitTick
    stm32l0xx_hal.o(.text.HAL_Init) refers to stm32l0xx_hal_msp.o(.text.HAL_MspInit) for HAL_MspInit
    stm32l0xx_hal.o(.ARM.exidx.text.HAL_Init) refers to stm32l0xx_hal.o(.text.HAL_Init) for [Anonymous Symbol]
    stm32l0xx_hal.o(.text.HAL_InitTick) refers to aeabi_sdiv.o(.text) for __aeabi_uidiv
    stm32l0xx_hal.o(.text.HAL_InitTick) refers to stm32l0xx_hal_cortex.o(.text.HAL_SYSTICK_Config) for HAL_SYSTICK_Config
    stm32l0xx_hal.o(.text.HAL_InitTick) refers to stm32l0xx_hal_cortex.o(.text.HAL_NVIC_SetPriority) for HAL_NVIC_SetPriority
    stm32l0xx_hal.o(.text.HAL_InitTick) refers to system_stm32l0xx.o(.data.SystemCoreClock) for SystemCoreClock
    stm32l0xx_hal.o(.text.HAL_InitTick) refers to stm32l0xx_hal.o(.data.uwTickFreq) for uwTickFreq
    stm32l0xx_hal.o(.text.HAL_InitTick) refers to stm32l0xx_hal.o(.data.uwTickPrio) for uwTickPrio
    stm32l0xx_hal.o(.ARM.exidx.text.HAL_InitTick) refers to stm32l0xx_hal.o(.text.HAL_InitTick) for [Anonymous Symbol]
    stm32l0xx_hal.o(.ARM.exidx.text.HAL_MspInit) refers to stm32l0xx_hal.o(.text.HAL_MspInit) for [Anonymous Symbol]
    stm32l0xx_hal.o(.text.HAL_DeInit) refers to stm32l0xx_hal.o(.text.HAL_MspDeInit) for HAL_MspDeInit
    stm32l0xx_hal.o(.ARM.exidx.text.HAL_DeInit) refers to stm32l0xx_hal.o(.text.HAL_DeInit) for [Anonymous Symbol]
    stm32l0xx_hal.o(.ARM.exidx.text.HAL_MspDeInit) refers to stm32l0xx_hal.o(.text.HAL_MspDeInit) for [Anonymous Symbol]
    stm32l0xx_hal.o(.text.HAL_IncTick) refers to stm32l0xx_hal.o(.data.uwTickFreq) for uwTickFreq
    stm32l0xx_hal.o(.text.HAL_IncTick) refers to stm32l0xx_hal.o(.bss.uwTick) for uwTick
    stm32l0xx_hal.o(.ARM.exidx.text.HAL_IncTick) refers to stm32l0xx_hal.o(.text.HAL_IncTick) for [Anonymous Symbol]
    stm32l0xx_hal.o(.text.HAL_GetTick) refers to stm32l0xx_hal.o(.bss.uwTick) for uwTick
    stm32l0xx_hal.o(.ARM.exidx.text.HAL_GetTick) refers to stm32l0xx_hal.o(.text.HAL_GetTick) for [Anonymous Symbol]
    stm32l0xx_hal.o(.text.HAL_GetTickPrio) refers to stm32l0xx_hal.o(.data.uwTickPrio) for uwTickPrio
    stm32l0xx_hal.o(.ARM.exidx.text.HAL_GetTickPrio) refers to stm32l0xx_hal.o(.text.HAL_GetTickPrio) for [Anonymous Symbol]
    stm32l0xx_hal.o(.text.HAL_SetTickFreq) refers to stm32l0xx_hal.o(.text.HAL_InitTick) for HAL_InitTick
    stm32l0xx_hal.o(.text.HAL_SetTickFreq) refers to stm32l0xx_hal.o(.data.uwTickFreq) for uwTickFreq
    stm32l0xx_hal.o(.text.HAL_SetTickFreq) refers to stm32l0xx_hal.o(.data.uwTickPrio) for uwTickPrio
    stm32l0xx_hal.o(.ARM.exidx.text.HAL_SetTickFreq) refers to stm32l0xx_hal.o(.text.HAL_SetTickFreq) for [Anonymous Symbol]
    stm32l0xx_hal.o(.text.HAL_GetTickFreq) refers to stm32l0xx_hal.o(.data.uwTickFreq) for uwTickFreq
    stm32l0xx_hal.o(.ARM.exidx.text.HAL_GetTickFreq) refers to stm32l0xx_hal.o(.text.HAL_GetTickFreq) for [Anonymous Symbol]
[...]
    Removing stm32l0xx_ll_gpio.o(.text.LL_GPIO_SetAFPin_8_15), (40 bytes).
    Removing stm32l0xx_ll_gpio.o(.ARM.exidx.text.LL_GPIO_SetAFPin_8_15), (8 bytes).
    Removing stm32l0xx_ll_gpio.o(.text.LL_GPIO_SetPinMode), (36 bytes).
    Removing stm32l0xx_ll_gpio.o(.ARM.exidx.text.LL_GPIO_SetPinMode), (8 bytes).
    Removing stm32l0xx_ll_gpio.o(.text.LL_GPIO_StructInit), (44 bytes).
    Removing stm32l0xx_ll_gpio.o(.ARM.exidx.text.LL_GPIO_StructInit), (8 bytes).
    Removing stm32l0xx_ll_i2c.o(.text), (0 bytes).
    Removing stm32l0xx_ll_i2c.o(.text.LL_I2C_DeInit), (60 bytes).
    Removing stm32l0xx_ll_i2c.o(.ARM.exidx.text.LL_I2C_DeInit), (8 bytes).
    Removing stm32l0xx_ll_i2c.o(.text.LL_APB1_GRP1_ForceReset), (24 bytes).
    Removing stm32l0xx_ll_i2c.o(.ARM.exidx.text.LL_APB1_GRP1_ForceReset), (8 bytes).
    Removing stm32l0xx_ll_i2c.o(.text.LL_APB1_GRP1_ReleaseReset), (24 bytes).
    Removing stm32l0xx_ll_i2c.o(.ARM.exidx.text.LL_APB1_GRP1_ReleaseReset), (8 bytes).
    Removing stm32l0xx_ll_i2c.o(.text.LL_I2C_Init), (104 bytes).
    Removing stm32l0xx_ll_i2c.o(.ARM.exidx.text.LL_I2C_Init), (8 bytes).
    Removing stm32l0xx_ll_i2c.o(.text.LL_I2C_Disable), (18 bytes).
    Removing stm32l0xx_ll_i2c.o(.ARM.exidx.text.LL_I2C_Disable), (8 bytes).
    Removing stm32l0xx_ll_i2c.o(.text.LL_I2C_ConfigFilters), (36 bytes).
    Removing stm32l0xx_ll_i2c.o(.ARM.exidx.text.LL_I2C_ConfigFilters), (8 bytes).
    Removing stm32l0xx_ll_i2c.o(.text.LL_I2C_SetTiming), (16 bytes).
    Removing stm32l0xx_ll_i2c.o(.ARM.exidx.text.LL_I2C_SetTiming), (8 bytes).
    Removing stm32l0xx_ll_i2c.o(.text.LL_I2C_Enable), (18 bytes).
    Removing stm32l0xx_ll_i2c.o(.ARM.exidx.text.LL_I2C_Enable), (8 bytes).
    Removing stm32l0xx_ll_i2c.o(.text.LL_I2C_DisableOwnAddress1), (20 bytes).
    Removing stm32l0xx_ll_i2c.o(.ARM.exidx.text.LL_I2C_DisableOwnAddress1), (8 bytes).
    Removing stm32l0xx_ll_i2c.o(.text.LL_I2C_SetOwnAddress1), (36 bytes).
    Removing stm32l0xx_ll_i2c.o(.ARM.exidx.text.LL_I2C_SetOwnAddress1), (8 bytes).
    Removing stm32l0xx_ll_i2c.o(.text.LL_I2C_EnableOwnAddress1), (20 bytes).
    Removing stm32l0xx_ll_i2c.o(.ARM.exidx.text.LL_I2C_EnableOwnAddress1), (8 bytes).
    Removing stm32l0xx_ll_i2c.o(.text.LL_I2C_SetMode), (28 bytes).
    Removing stm32l0xx_ll_i2c.o(.ARM.exidx.text.LL_I2C_SetMode), (8 bytes).
    Removing stm32l0xx_ll_i2c.o(.text.LL_I2C_AcknowledgeNextData), (28 bytes).
    Removing stm32l0xx_ll_i2c.o(.ARM.exidx.text.LL_I2C_AcknowledgeNextData), (8 bytes).
    Removing stm32l0xx_ll_i2c.o(.text.LL_I2C_StructInit), (42 bytes).
    Removing stm32l0xx_ll_i2c.o(.ARM.exidx.text.LL_I2C_StructInit), (8 bytes).
    Removing stm32l0xx_ll_lptim.o(.text), (0 bytes).
    Removing stm32l0xx_ll_lptim.o(.text.LL_LPTIM_DeInit), (60 bytes).
    Removing stm32l0xx_ll_lptim.o(.ARM.exidx.text.LL_LPTIM_DeInit), (8 bytes).
    Removing stm32l0xx_ll_lptim.o(.text.LL_APB1_GRP1_ForceReset), (24 bytes).
    Removing stm32l0xx_ll_lptim.o(.ARM.exidx.text.LL_APB1_GRP1_ForceReset), (8 bytes).
    Removing stm32l0xx_ll_lptim.o(.text.LL_APB1_GRP1_ReleaseReset), (24 bytes).
    Removing stm32l0xx_ll_lptim.o(.ARM.exidx.text.LL_APB1_GRP1_ReleaseReset), (8 bytes).
    Removing stm32l0xx_ll_lptim.o(.text.LL_LPTIM_StructInit), (26 bytes).
    Removing stm32l0xx_ll_lptim.o(.ARM.exidx.text.LL_LPTIM_StructInit), (8 bytes).
    Removing stm32l0xx_ll_lptim.o(.text.LL_LPTIM_Init), (80 bytes).
    Removing stm32l0xx_ll_lptim.o(.ARM.exidx.text.LL_LPTIM_Init), (8 bytes).
    Removing stm32l0xx_ll_lptim.o(.text.LL_LPTIM_IsEnabled), (16 bytes).
    Removing stm32l0xx_ll_lptim.o(.ARM.exidx.text.LL_LPTIM_IsEnabled), (8 bytes).
    Removing stm32l0xx_ll_lptim.o(.text.LL_LPTIM_Disable), (316 bytes).
    Removing stm32l0xx_ll_lptim.o(.ARM.exidx.text.LL_LPTIM_Disable), (8 bytes).
    Removing stm32l0xx_ll_lptim.o(.text.LL_RCC_GetLPTIMClockSource), (20 bytes).
    Removing stm32l0xx_ll_lptim.o(.ARM.exidx.text.LL_RCC_GetLPTIMClockSource), (8 bytes).
    Removing stm32l0xx_ll_lptim.o(.text.LL_RCC_SetLPTIMClockSource), (28 bytes).
    Removing stm32l0xx_ll_lptim.o(.ARM.exidx.text.LL_RCC_SetLPTIMClockSource), (8 bytes).
    Removing stm32l0xx_ll_lptim.o(.text.LL_LPTIM_IsActiveFlag_CMPOK), (18 bytes).
    Removing stm32l0xx_ll_lptim.o(.ARM.exidx.text.LL_LPTIM_IsActiveFlag_CMPOK), (8 bytes).
    Removing stm32l0xx_ll_lptim.o(.text.LL_LPTIM_ClearFlag_CMPOK), (18 bytes).
    Removing stm32l0xx_ll_lptim.o(.ARM.exidx.text.LL_LPTIM_ClearFlag_CMPOK), (8 bytes).
    Removing stm32l0xx_ll_lptim.o(.text.LL_LPTIM_IsActiveFlag_ARROK), (18 bytes).
    Removing stm32l0xx_ll_lptim.o(.ARM.exidx.text.LL_LPTIM_IsActiveFlag_ARROK), (8 bytes).
    Removing stm32l0xx_ll_lptim.o(.text.LL_LPTIM_ClearFlag_ARROK), (18 bytes).
    Removing stm32l0xx_ll_lptim.o(.ARM.exidx.text.LL_LPTIM_ClearFlag_ARROK), (8 bytes).
    Removing stm32l0xx_ll_lpuart.o(.text), (0 bytes).
    Removing stm32l0xx_ll_lpuart.o(.text.LL_LPUART_DeInit), (60 bytes).
    Removing stm32l0xx_ll_lpuart.o(.ARM.exidx.text.LL_LPUART_DeInit), (8 bytes).
    Removing stm32l0xx_ll_lpuart.o(.text.LL_APB1_GRP1_ForceReset), (24 bytes).
    Removing stm32l0xx_ll_lpuart.o(.ARM.exidx.text.LL_APB1_GRP1_ForceReset), (8 bytes).
    Removing stm32l0xx_ll_lpuart.o(.text.LL_APB1_GRP1_ReleaseReset), (24 bytes).
    Removing stm32l0xx_ll_lpuart.o(.ARM.exidx.text.LL_APB1_GRP1_ReleaseReset), (8 bytes).
    Removing stm32l0xx_ll_lpuart.o(.text.LL_LPUART_Init), (136 bytes).
    Removing stm32l0xx_ll_lpuart.o(.ARM.exidx.text.LL_LPUART_Init), (8 bytes).
    Removing stm32l0xx_ll_lpuart.o(.text.LL_LPUART_IsEnabled), (16 bytes).
    Removing stm32l0xx_ll_lpuart.o(.ARM.exidx.text.LL_LPUART_IsEnabled), (8 bytes).
    Removing stm32l0xx_ll_lpuart.o(.text.LL_LPUART_SetStopBitsLength), (28 bytes).
    Removing stm32l0xx_ll_lpuart.o(.ARM.exidx.text.LL_LPUART_SetStopBitsLength), (8 bytes).
    Removing stm32l0xx_ll_lpuart.o(.text.LL_LPUART_SetHWFlowCtrl), (28 bytes).
    Removing stm32l0xx_ll_lpuart.o(.ARM.exidx.text.LL_LPUART_SetHWFlowCtrl), (8 bytes).
    Removing stm32l0xx_ll_lpuart.o(.text.LL_LPUART_SetBaudRate), (56 bytes).
    Removing stm32l0xx_ll_lpuart.o(.ARM.exidx.text.LL_LPUART_SetBaudRate), (8 bytes).
    Removing stm32l0xx_ll_lpuart.o(.text.LL_LPUART_StructInit), (40 bytes).
    Removing stm32l0xx_ll_lpuart.o(.ARM.exidx.text.LL_LPUART_StructInit), (8 bytes).
    Removing stm32l0xx_ll_pwr.o(.text), (0 bytes).
    Removing stm32l0xx_ll_pwr.o(.text.LL_PWR_DeInit), (26 bytes).
    Removing stm32l0xx_ll_pwr.o(.ARM.exidx.text.LL_PWR_DeInit), (8 bytes).
    Removing stm32l0xx_ll_pwr.o(.text.LL_APB1_GRP1_ForceReset), (24 bytes).
    Removing stm32l0xx_ll_pwr.o(.ARM.exidx.text.LL_APB1_GRP1_ForceReset), (8 bytes).
    Removing stm32l0xx_ll_pwr.o(.text.LL_APB1_GRP1_ReleaseReset), (24 bytes).
    Removing stm32l0xx_ll_pwr.o(.ARM.exidx.text.LL_APB1_GRP1_ReleaseReset), (8 bytes).
    Removing stm32l0xx_ll_rcc.o(.text), (0 bytes).
    Removing stm32l0xx_ll_rcc.o(.text.LL_RCC_DeInit), (176 bytes).
    Removing stm32l0xx_ll_rcc.o(.ARM.exidx.text.LL_RCC_DeInit), (8 bytes).
    Removing stm32l0xx_ll_rcc.o(.text.LL_RCC_MSI_Enable), (20 bytes).
    Removing stm32l0xx_ll_rcc.o(.ARM.exidx.text.LL_RCC_MSI_Enable), (8 bytes).
    Removing stm32l0xx_ll_rcc.o(.text.LL_RCC_MSI_IsReady), (20 bytes).
    Removing stm32l0xx_ll_rcc.o(.ARM.exidx.text.LL_RCC_MSI_IsReady), (8 bytes).
    Removing stm32l0xx_ll_rcc.o(.text.LL_RCC_MSI_SetRange), (28 bytes).
    Removing stm32l0xx_ll_rcc.o(.ARM.exidx.text.LL_RCC_MSI_SetRange), (8 bytes).
    Removing stm32l0xx_ll_rcc.o(.text.LL_RCC_MSI_SetCalibTrimming), (32 bytes).
    Removing stm32l0xx_ll_rcc.o(.ARM.exidx.text.LL_RCC_MSI_SetCalibTrimming), (8 bytes).
    Removing stm32l0xx_ll_rcc.o(.text.LL_RCC_HSI_SetCalibTrimming), (32 bytes).
    Removing stm32l0xx_ll_rcc.o(.ARM.exidx.text.LL_RCC_HSI_SetCalibTrimming), (8 bytes).
    Removing stm32l0xx_ll_rcc.o(.text.LL_RCC_HSE_DisableBypass), (20 bytes).
    Removing stm32l0xx_ll_rcc.o(.ARM.exidx.text.LL_RCC_HSE_DisableBypass), (8 bytes).
    Removing stm32l0xx_ll_rcc.o(.text.LL_RCC_PLL_IsReady), (20 bytes).
    Removing stm32l0xx_ll_rcc.o(.ARM.exidx.text.LL_RCC_PLL_IsReady), (8 bytes).
    Removing stm32l0xx_ll_rcc.o(.text.LL_RCC_ClearResetFlags), (20 bytes).
    Removing stm32l0xx_ll_rcc.o(.ARM.exidx.text.LL_RCC_ClearResetFlags), (8 bytes).
    Removing stm32l0xx_ll_rcc.o(.text.LL_RCC_GetSystemClocksFreq), (54 bytes).
    Removing stm32l0xx_ll_rcc.o(.ARM.exidx.text.LL_RCC_GetSystemClocksFreq), (8 bytes).
    Removing stm32l0xx_ll_rcc.o(.text.RCC_GetSystemClockFreq), (172 bytes).
    Removing stm32l0xx_ll_rcc.o(.ARM.exidx.text.RCC_GetSystemClockFreq), (8 bytes).
    Removing stm32l0xx_ll_rcc.o(.text.RCC_GetHCLKClockFreq), (36 bytes).
    Removing stm32l0xx_ll_rcc.o(.ARM.exidx.text.RCC_GetHCLKClockFreq), (8 bytes).
    Removing stm32l0xx_ll_rcc.o(.text.RCC_GetPCLK1ClockFreq), (36 bytes).
    Removing stm32l0xx_ll_rcc.o(.ARM.exidx.text.RCC_GetPCLK1ClockFreq), (8 bytes).
    Removing stm32l0xx_ll_rcc.o(.text.RCC_GetPCLK2ClockFreq), (36 bytes).
    Removing stm32l0xx_ll_rcc.o(.ARM.exidx.text.RCC_GetPCLK2ClockFreq), (8 bytes).
    Removing stm32l0xx_ll_rcc.o(.text.LL_RCC_GetUSARTClockFreq), (200 bytes).
    Removing stm32l0xx_ll_rcc.o(.ARM.exidx.text.LL_RCC_GetUSARTClockFreq), (8 bytes).
    Removing stm32l0xx_ll_rcc.o(.text.LL_RCC_GetUSARTClockSource), (24 bytes).
    Removing stm32l0xx_ll_rcc.o(.ARM.exidx.text.LL_RCC_GetUSARTClockSource), (8 bytes).
    Removing stm32l0xx_ll_rcc.o(.text.LL_RCC_HSI_IsReady), (16 bytes).
    Removing stm32l0xx_ll_rcc.o(.ARM.exidx.text.LL_RCC_HSI_IsReady), (8 bytes).
    Removing stm32l0xx_ll_rcc.o(.text.LL_RCC_IsActiveFlag_HSIDIV), (16 bytes).
    Removing stm32l0xx_ll_rcc.o(.ARM.exidx.text.LL_RCC_IsActiveFlag_HSIDIV), (8 bytes).
    Removing stm32l0xx_ll_rcc.o(.text.LL_RCC_LSE_IsReady), (20 bytes).
    Removing stm32l0xx_ll_rcc.o(.ARM.exidx.text.LL_RCC_LSE_IsReady), (8 bytes).
    Removing stm32l0xx_ll_rcc.o(.text.LL_RCC_GetI2CClockFreq), (148 bytes).
    Removing stm32l0xx_ll_rcc.o(.ARM.exidx.text.LL_RCC_GetI2CClockFreq), (8 bytes).
    Removing stm32l0xx_ll_rcc.o(.text.LL_RCC_GetI2CClockSource), (28 bytes).
    Removing stm32l0xx_ll_rcc.o(.ARM.exidx.text.LL_RCC_GetI2CClockSource), (8 bytes).
    Removing stm32l0xx_ll_rcc.o(.text.LL_RCC_GetLPUARTClockFreq), (160 bytes).
    Removing stm32l0xx_ll_rcc.o(.ARM.exidx.text.LL_RCC_GetLPUARTClockFreq), (8 bytes).
    Removing stm32l0xx_ll_rcc.o(.text.LL_RCC_GetLPUARTClockSource), (20 bytes).
    Removing stm32l0xx_ll_rcc.o(.ARM.exidx.text.LL_RCC_GetLPUARTClockSource), (8 bytes).
    Removing stm32l0xx_ll_rcc.o(.text.LL_RCC_GetLPTIMClockFreq), (188 bytes).
    Removing stm32l0xx_ll_rcc.o(.ARM.exidx.text.LL_RCC_GetLPTIMClockFreq), (8 bytes).
    Removing stm32l0xx_ll_rcc.o(.text.LL_RCC_GetLPTIMClockSource), (20 bytes).
    Removing stm32l0xx_ll_rcc.o(.ARM.exidx.text.LL_RCC_GetLPTIMClockSource), (8 bytes).
    Removing stm32l0xx_ll_rcc.o(.text.LL_RCC_LSI_IsReady), (16 bytes).
    Removing stm32l0xx_ll_rcc.o(.ARM.exidx.text.LL_RCC_LSI_IsReady), (8 bytes).
    Removing stm32l0xx_ll_rcc.o(.text.LL_RCC_GetSysClkSource), (16 bytes).
    Removing stm32l0xx_ll_rcc.o(.ARM.exidx.text.LL_RCC_GetSysClkSource), (8 bytes).
    Removing stm32l0xx_ll_rcc.o(.text.LL_RCC_MSI_GetRange), (16 bytes).
    Removing stm32l0xx_ll_rcc.o(.ARM.exidx.text.LL_RCC_MSI_GetRange), (8 bytes).
    Removing stm32l0xx_ll_rcc.o(.text.RCC_PLL_GetFreqDomain_SYS), (104 bytes).
    Removing stm32l0xx_ll_rcc.o(.ARM.exidx.text.RCC_PLL_GetFreqDomain_SYS), (8 bytes).
    Removing stm32l0xx_ll_rcc.o(.text.LL_RCC_PLL_GetMainSource), (16 bytes).
    Removing stm32l0xx_ll_rcc.o(.ARM.exidx.text.LL_RCC_PLL_GetMainSource), (8 bytes).
    Removing stm32l0xx_ll_rcc.o(.text.LL_RCC_PLL_GetMultiplicator), (16 bytes).
    Removing stm32l0xx_ll_rcc.o(.ARM.exidx.text.LL_RCC_PLL_GetMultiplicator), (8 bytes).
    Removing stm32l0xx_ll_rcc.o(.text.LL_RCC_PLL_GetDivider), (16 bytes).
    Removing stm32l0xx_ll_rcc.o(.ARM.exidx.text.LL_RCC_PLL_GetDivider), (8 bytes).
    Removing stm32l0xx_ll_rcc.o(.text.LL_RCC_GetAHBPrescaler), (16 bytes).
    Removing stm32l0xx_ll_rcc.o(.ARM.exidx.text.LL_RCC_GetAHBPrescaler), (8 bytes).
    Removing stm32l0xx_ll_rcc.o(.text.LL_RCC_GetAPB1Prescaler), (16 bytes).
    Removing stm32l0xx_ll_rcc.o(.ARM.exidx.text.LL_RCC_GetAPB1Prescaler), (8 bytes).
    Removing stm32l0xx_ll_rcc.o(.text.LL_RCC_GetAPB2Prescaler), (16 bytes).
    Removing stm32l0xx_ll_rcc.o(.ARM.exidx.text.LL_RCC_GetAPB2Prescaler), (8 bytes).
    Removing stm32l0xx_ll_rng.o(.text), (0 bytes).
    Removing stm32l0xx_ll_rtc.o(.text), (0 bytes).
    Removing stm32l0xx_ll_rtc.o(.text.LL_RTC_DeInit), (144 bytes).
    Removing stm32l0xx_ll_rtc.o(.ARM.exidx.text.LL_RTC_DeInit), (8 bytes).
    Removing stm32l0xx_ll_rtc.o(.text.LL_RTC_DisableWriteProtection), (20 bytes).
    Removing stm32l0xx_ll_rtc.o(.ARM.exidx.text.LL_RTC_DisableWriteProtection), (8 bytes).
    Removing stm32l0xx_ll_rtc.o(.text.LL_RTC_EnterInitMode), (134 bytes).
    Removing stm32l0xx_ll_rtc.o(.ARM.exidx.text.LL_RTC_EnterInitMode), (8 bytes).
    Removing stm32l0xx_ll_rtc.o(.text.LL_RTC_WaitForSynchro), (224 bytes).
    Removing stm32l0xx_ll_rtc.o(.ARM.exidx.text.LL_RTC_WaitForSynchro), (8 bytes).
    Removing stm32l0xx_ll_rtc.o(.text.LL_RTC_EnableWriteProtection), (14 bytes).
    Removing stm32l0xx_ll_rtc.o(.ARM.exidx.text.LL_RTC_EnableWriteProtection), (8 bytes).
    Removing stm32l0xx_ll_rtc.o(.text.LL_RTC_Init), (90 bytes).
    Removing stm32l0xx_ll_rtc.o(.ARM.exidx.text.LL_RTC_Init), (8 bytes).
    Removing stm32l0xx_ll_rtc.o(.text.LL_RTC_SetHourFormat), (26 bytes).
    Removing stm32l0xx_ll_rtc.o(.ARM.exidx.text.LL_RTC_SetHourFormat), (8 bytes).
    Removing stm32l0xx_ll_rtc.o(.text.LL_RTC_SetSynchPrescaler), (32 bytes).
    Removing stm32l0xx_ll_rtc.o(.ARM.exidx.text.LL_RTC_SetSynchPrescaler), (8 bytes).
    Removing stm32l0xx_ll_rtc.o(.text.LL_RTC_SetAsynchPrescaler), (30 bytes).
    Removing stm32l0xx_ll_rtc.o(.ARM.exidx.text.LL_RTC_SetAsynchPrescaler), (8 bytes).
    Removing stm32l0xx_ll_rtc.o(.text.LL_RTC_DisableInitMode), (16 bytes).
    Removing stm32l0xx_ll_rtc.o(.ARM.exidx.text.LL_RTC_DisableInitMode), (8 bytes).
    Removing stm32l0xx_ll_rtc.o(.text.LL_RTC_StructInit), (26 bytes).
    Removing stm32l0xx_ll_rtc.o(.ARM.exidx.text.LL_RTC_StructInit), (8 bytes).
    Removing stm32l0xx_ll_rtc.o(.text.LL_RTC_TIME_Init), (264 bytes).
    Removing stm32l0xx_ll_rtc.o(.ARM.exidx.text.LL_RTC_TIME_Init), (8 bytes).
    Removing stm32l0xx_ll_rtc.o(.text.LL_RTC_GetHourFormat), (16 bytes).
    Removing stm32l0xx_ll_rtc.o(.ARM.exidx.text.LL_RTC_GetHourFormat), (8 bytes).
    Removing stm32l0xx_ll_rtc.o(.text.LL_RTC_TIME_Config), (64 bytes).
    Removing stm32l0xx_ll_rtc.o(.ARM.exidx.text.LL_RTC_TIME_Config), (8 bytes).
    Removing stm32l0xx_ll_rtc.o(.text.LL_RTC_IsShadowRegBypassEnabled), (18 bytes).
    Removing stm32l0xx_ll_rtc.o(.ARM.exidx.text.LL_RTC_IsShadowRegBypassEnabled), (8 bytes).
    Removing stm32l0xx_ll_rtc.o(.text.LL_RTC_TIME_StructInit), (26 bytes).
    Removing stm32l0xx_ll_rtc.o(.ARM.exidx.text.LL_RTC_TIME_StructInit), (8 bytes).
    Removing stm32l0xx_ll_rtc.o(.text.LL_RTC_DATE_Init), (254 bytes).
    Removing stm32l0xx_ll_rtc.o(.ARM.exidx.text.LL_RTC_DATE_Init), (8 bytes).
    Removing stm32l0xx_ll_rtc.o(.text.LL_RTC_DATE_Config), (68 bytes).
    Removing stm32l0xx_ll_rtc.o(.ARM.exidx.text.LL_RTC_DATE_Config), (8 bytes).
    Removing stm32l0xx_ll_rtc.o(.text.LL_RTC_DATE_StructInit), (28 bytes).
    Removing stm32l0xx_ll_rtc.o(.ARM.exidx.text.LL_RTC_DATE_StructInit), (8 bytes).
    Removing stm32l0xx_ll_rtc.o(.text.LL_RTC_ALMA_Init), (334 bytes).
    Removing stm32l0xx_ll_rtc.o(.ARM.exidx.text.LL_RTC_ALMA_Init), (8 bytes).
    Removing stm32l0xx_ll_rtc.o(.text.LL_RTC_ALMA_DisableWeekday), (20 bytes).
    Removing stm32l0xx_ll_rtc.o(.ARM.exidx.text.LL_RTC_ALMA_DisableWeekday), (8 bytes).
    Removing stm32l0xx_ll_rtc.o(.text.LL_RTC_ALMA_SetDay), (30 bytes).
    Removing stm32l0xx_ll_rtc.o(.ARM.exidx.text.LL_RTC_ALMA_SetDay), (8 bytes).
    Removing stm32l0xx_ll_rtc.o(.text.LL_RTC_ALMA_EnableWeekday), (20 bytes).
    Removing stm32l0xx_ll_rtc.o(.ARM.exidx.text.LL_RTC_ALMA_EnableWeekday), (8 bytes).
    Removing stm32l0xx_ll_rtc.o(.text.LL_RTC_ALMA_SetWeekDay), (30 bytes).
    Removing stm32l0xx_ll_rtc.o(.ARM.exidx.text.LL_RTC_ALMA_SetWeekDay), (8 bytes).
    Removing stm32l0xx_ll_rtc.o(.text.LL_RTC_ALMA_ConfigTime), (64 bytes).
    Removing stm32l0xx_ll_rtc.o(.ARM.exidx.text.LL_RTC_ALMA_ConfigTime), (8 bytes).
    Removing stm32l0xx_ll_rtc.o(.text.LL_RTC_ALMA_SetMask), (32 bytes).
    Removing stm32l0xx_ll_rtc.o(.ARM.exidx.text.LL_RTC_ALMA_SetMask), (8 bytes).
    Removing stm32l0xx_ll_rtc.o(.text.LL_RTC_ALMB_Init), (334 bytes).
    Removing stm32l0xx_ll_rtc.o(.ARM.exidx.text.LL_RTC_ALMB_Init), (8 bytes).
    Removing stm32l0xx_ll_rtc.o(.text.LL_RTC_ALMB_DisableWeekday), (20 bytes).
    Removing stm32l0xx_ll_rtc.o(.ARM.exidx.text.LL_RTC_ALMB_DisableWeekday), (8 bytes).
    Removing stm32l0xx_ll_rtc.o(.text.LL_RTC_ALMB_SetDay), (30 bytes).
    Removing stm32l0xx_ll_rtc.o(.ARM.exidx.text.LL_RTC_ALMB_SetDay), (8 bytes).
    Removing stm32l0xx_ll_rtc.o(.text.LL_RTC_ALMB_EnableWeekday), (20 bytes).
    Removing stm32l0xx_ll_rtc.o(.ARM.exidx.text.LL_RTC_ALMB_EnableWeekday), (8 bytes).
    Removing stm32l0xx_ll_rtc.o(.text.LL_RTC_ALMB_SetWeekDay), (30 bytes).
    Removing stm32l0xx_ll_rtc.o(.ARM.exidx.text.LL_RTC_ALMB_SetWeekDay), (8 bytes).
    Removing stm32l0xx_ll_rtc.o(.text.LL_RTC_ALMB_ConfigTime), (64 bytes).
    Removing stm32l0xx_ll_rtc.o(.ARM.exidx.text.LL_RTC_ALMB_ConfigTime), (8 bytes).
    Removing stm32l0xx_ll_rtc.o(.text.LL_RTC_ALMB_SetMask), (32 bytes).
    Removing stm32l0xx_ll_rtc.o(.ARM.exidx.text.LL_RTC_ALMB_SetMask), (8 bytes).
    Removing stm32l0xx_ll_rtc.o(.text.LL_RTC_ALMA_StructInit), (40 bytes).
    Removing stm32l0xx_ll_rtc.o(.ARM.exidx.text.LL_RTC_ALMA_StructInit), (8 bytes).
    Removing stm32l0xx_ll_rtc.o(.text.LL_RTC_ALMB_StructInit), (40 bytes).
    Removing stm32l0xx_ll_rtc.o(.ARM.exidx.text.LL_RTC_ALMB_StructInit), (8 bytes).
    Removing stm32l0xx_ll_rtc.o(.text.LL_RTC_IsActiveFlag_INIT), (18 bytes).
    Removing stm32l0xx_ll_rtc.o(.ARM.exidx.text.LL_RTC_IsActiveFlag_INIT), (8 bytes).
    Removing stm32l0xx_ll_rtc.o(.text.LL_RTC_EnableInitMode), (16 bytes).
    Removing stm32l0xx_ll_rtc.o(.ARM.exidx.text.LL_RTC_EnableInitMode), (8 bytes).
    Removing stm32l0xx_ll_rtc.o(.text.LL_SYSTICK_IsActiveCounterFlag), (20 bytes).
    Removing stm32l0xx_ll_rtc.o(.ARM.exidx.text.LL_SYSTICK_IsActiveCounterFlag), (8 bytes).
    Removing stm32l0xx_ll_rtc.o(.text.LL_RTC_ExitInitMode), (18 bytes).
    Removing stm32l0xx_ll_rtc.o(.ARM.exidx.text.LL_RTC_ExitInitMode), (8 bytes).
    Removing stm32l0xx_ll_rtc.o(.text.LL_RTC_ClearFlag_RS), (26 bytes).
    Removing stm32l0xx_ll_rtc.o(.ARM.exidx.text.LL_RTC_ClearFlag_RS), (8 bytes).
    Removing stm32l0xx_ll_rtc.o(.text.LL_RTC_IsActiveFlag_RS), (18 bytes).
    Removing stm32l0xx_ll_rtc.o(.ARM.exidx.text.LL_RTC_IsActiveFlag_RS), (8 bytes).
    Removing stm32l0xx_ll_spi.o(.text), (0 bytes).
    Removing stm32l0xx_ll_spi.o(.text.LL_SPI_DeInit), (60 bytes).
    Removing stm32l0xx_ll_spi.o(.ARM.exidx.text.LL_SPI_DeInit), (8 bytes).
    Removing stm32l0xx_ll_spi.o(.text.LL_APB2_GRP1_ForceReset), (24 bytes).
    Removing stm32l0xx_ll_spi.o(.ARM.exidx.text.LL_APB2_GRP1_ForceReset), (8 bytes).
    Removing stm32l0xx_ll_spi.o(.text.LL_APB2_GRP1_ReleaseReset), (24 bytes).
    Removing stm32l0xx_ll_spi.o(.ARM.exidx.text.LL_APB2_GRP1_ReleaseReset), (8 bytes).
    Removing stm32l0xx_ll_spi.o(.text.LL_SPI_Init), (144 bytes).
    Removing stm32l0xx_ll_spi.o(.ARM.exidx.text.LL_SPI_Init), (8 bytes).
    Removing stm32l0xx_ll_spi.o(.text.LL_SPI_IsEnabled), (18 bytes).
    Removing stm32l0xx_ll_spi.o(.ARM.exidx.text.LL_SPI_IsEnabled), (8 bytes).
    Removing stm32l0xx_ll_spi.o(.text.LL_SPI_SetCRCPolynomial), (18 bytes).
    Removing stm32l0xx_ll_spi.o(.ARM.exidx.text.LL_SPI_SetCRCPolynomial), (8 bytes).
    Removing stm32l0xx_ll_spi.o(.text.LL_SPI_StructInit), (52 bytes).
    Removing stm32l0xx_ll_spi.o(.ARM.exidx.text.LL_SPI_StructInit), (8 bytes).
    Removing stm32l0xx_ll_tim.o(.text), (0 bytes).
    Removing stm32l0xx_ll_tim.o(.text.LL_TIM_DeInit), (120 bytes).
    Removing stm32l0xx_ll_tim.o(.ARM.exidx.text.LL_TIM_DeInit), (8 bytes).
    Removing stm32l0xx_ll_tim.o(.text.LL_APB1_GRP1_ForceReset), (24 bytes).
    Removing stm32l0xx_ll_tim.o(.ARM.exidx.text.LL_APB1_GRP1_ForceReset), (8 bytes).
    Removing stm32l0xx_ll_tim.o(.text.LL_APB1_GRP1_ReleaseReset), (24 bytes).
    Removing stm32l0xx_ll_tim.o(.ARM.exidx.text.LL_APB1_GRP1_ReleaseReset), (8 bytes).
    Removing stm32l0xx_ll_tim.o(.text.LL_APB2_GRP1_ForceReset), (24 bytes).
    Removing stm32l0xx_ll_tim.o(.ARM.exidx.text.LL_APB2_GRP1_ForceReset), (8 bytes).
    Removing stm32l0xx_ll_tim.o(.text.LL_APB2_GRP1_ReleaseReset), (24 bytes).
    Removing stm32l0xx_ll_tim.o(.ARM.exidx.text.LL_APB2_GRP1_ReleaseReset), (8 bytes).
    Removing stm32l0xx_ll_tim.o(.text.LL_TIM_StructInit), (28 bytes).
    Removing stm32l0xx_ll_tim.o(.ARM.exidx.text.LL_TIM_StructInit), (8 bytes).
    Removing stm32l0xx_ll_tim.o(.text.LL_TIM_Init), (160 bytes).
    Removing stm32l0xx_ll_tim.o(.ARM.exidx.text.LL_TIM_Init), (8 bytes).
    Removing stm32l0xx_ll_tim.o(.text.LL_TIM_SetAutoReload), (16 bytes).
    Removing stm32l0xx_ll_tim.o(.ARM.exidx.text.LL_TIM_SetAutoReload), (8 bytes).
    Removing stm32l0xx_ll_tim.o(.text.LL_TIM_SetPrescaler), (16 bytes).
    Removing stm32l0xx_ll_tim.o(.ARM.exidx.text.LL_TIM_SetPrescaler), (8 bytes).
    Removing stm32l0xx_ll_tim.o(.text.LL_TIM_GenerateEvent_UPDATE), (18 bytes).
    Removing stm32l0xx_ll_tim.o(.ARM.exidx.text.LL_TIM_GenerateEvent_UPDATE), (8 bytes).
    Removing stm32l0xx_ll_tim.o(.text.LL_TIM_OC_StructInit), (26 bytes).
    Removing stm32l0xx_ll_tim.o(.ARM.exidx.text.LL_TIM_OC_StructInit), (8 bytes).
    Removing stm32l0xx_ll_tim.o(.text.LL_TIM_OC_Init), (124 bytes).
    Removing stm32l0xx_ll_tim.o(.ARM.exidx.text.LL_TIM_OC_Init), (8 bytes).
    Removing stm32l0xx_ll_tim.o(.text.OC1Config), (120 bytes).
    Removing stm32l0xx_ll_tim.o(.ARM.exidx.text.OC1Config), (8 bytes).
    Removing stm32l0xx_ll_tim.o(.text.OC2Config), (130 bytes).
    Removing stm32l0xx_ll_tim.o(.ARM.exidx.text.OC2Config), (8 bytes).
    Removing stm32l0xx_ll_tim.o(.text.OC3Config), (128 bytes).
    Removing stm32l0xx_ll_tim.o(.ARM.exidx.text.OC3Config), (8 bytes).
    Removing stm32l0xx_ll_tim.o(.text.OC4Config), (136 bytes).
    Removing stm32l0xx_ll_tim.o(.ARM.exidx.text.OC4Config), (8 bytes).
    Removing stm32l0xx_ll_tim.o(.text.LL_TIM_IC_StructInit), (30 bytes).
    Removing stm32l0xx_ll_tim.o(.ARM.exidx.text.LL_TIM_IC_StructInit), (8 bytes).
    Removing stm32l0xx_ll_tim.o(.text.LL_TIM_IC_Init), (124 bytes).
    Removing stm32l0xx_ll_tim.o(.ARM.exidx.text.LL_TIM_IC_Init), (8 bytes).
    Removing stm32l0xx_ll_tim.o(.text.IC1Config), (72 bytes).
    Removing stm32l0xx_ll_tim.o(.ARM.exidx.text.IC1Config), (8 bytes).
    Removing stm32l0xx_ll_tim.o(.text.IC2Config), (76 bytes).
    Removing stm32l0xx_ll_tim.o(.ARM.exidx.text.IC2Config), (8 bytes).
    Removing stm32l0xx_ll_tim.o(.text.IC3Config), (78 bytes).
    Removing stm32l0xx_ll_tim.o(.ARM.exidx.text.IC3Config), (8 bytes).
    Removing stm32l0xx_ll_tim.o(.text.IC4Config), (80 bytes).
    Removing stm32l0xx_ll_tim.o(.ARM.exidx.text.IC4Config), (8 bytes).
    Removing stm32l0xx_ll_tim.o(.text.LL_TIM_ENCODER_StructInit), (50 bytes).
    Removing stm32l0xx_ll_tim.o(.ARM.exidx.text.LL_TIM_ENCODER_StructInit), (8 bytes).
    Removing stm32l0xx_ll_tim.o(.text.LL_TIM_ENCODER_Init), (176 bytes).
    Removing stm32l0xx_ll_tim.o(.ARM.exidx.text.LL_TIM_ENCODER_Init), (8 bytes).
    Removing stm32l0xx_ll_tim.o(.text.LL_TIM_SetEncoderMode), (26 bytes).
    Removing stm32l0xx_ll_tim.o(.ARM.exidx.text.LL_TIM_SetEncoderMode), (8 bytes).
    Removing stm32l0xx_ll_tim.o(.text.LL_TIM_OC_SetCompareCH1), (16 bytes).
    Removing stm32l0xx_ll_tim.o(.ARM.exidx.text.LL_TIM_OC_SetCompareCH1), (8 bytes).
    Removing stm32l0xx_ll_tim.o(.text.LL_TIM_OC_SetCompareCH2), (16 bytes).
    Removing stm32l0xx_ll_tim.o(.ARM.exidx.text.LL_TIM_OC_SetCompareCH2), (8 bytes).
    Removing stm32l0xx_ll_tim.o(.text.LL_TIM_OC_SetCompareCH3), (16 bytes).
    Removing stm32l0xx_ll_tim.o(.ARM.exidx.text.LL_TIM_OC_SetCompareCH3), (8 bytes).
    Removing stm32l0xx_ll_tim.o(.text.LL_TIM_OC_SetCompareCH4), (16 bytes).
    Removing stm32l0xx_ll_tim.o(.ARM.exidx.text.LL_TIM_OC_SetCompareCH4), (8 bytes).
    Removing stm32l0xx_ll_usart.o(.text), (0 bytes).
    Removing stm32l0xx_ll_usart.o(.text.LL_USART_DeInit), (60 bytes).
    Removing stm32l0xx_ll_usart.o(.ARM.exidx.text.LL_USART_DeInit), (8 bytes).
    Removing stm32l0xx_ll_usart.o(.text.LL_APB1_GRP1_ForceReset), (24 bytes).
    Removing stm32l0xx_ll_usart.o(.ARM.exidx.text.LL_APB1_GRP1_ForceReset), (8 bytes).
    Removing stm32l0xx_ll_usart.o(.text.LL_APB1_GRP1_ReleaseReset), (24 bytes).
    Removing stm32l0xx_ll_usart.o(.ARM.exidx.text.LL_APB1_GRP1_ReleaseReset), (8 bytes).
    Removing stm32l0xx_ll_usart.o(.text.LL_USART_Init), (160 bytes).
    Removing stm32l0xx_ll_usart.o(.ARM.exidx.text.LL_USART_Init), (8 bytes).
    Removing stm32l0xx_ll_usart.o(.text.LL_USART_IsEnabled), (16 bytes).
    Removing stm32l0xx_ll_usart.o(.ARM.exidx.text.LL_USART_IsEnabled), (8 bytes).
    Removing stm32l0xx_ll_usart.o(.text.LL_USART_SetStopBitsLength), (28 bytes).
    Removing stm32l0xx_ll_usart.o(.ARM.exidx.text.LL_USART_SetStopBitsLength), (8 bytes).
    Removing stm32l0xx_ll_usart.o(.text.LL_USART_SetHWFlowCtrl), (28 bytes).
    Removing stm32l0xx_ll_usart.o(.ARM.exidx.text.LL_USART_SetHWFlowCtrl), (8 bytes).
    Removing stm32l0xx_ll_usart.o(.text.LL_USART_SetBaudRate), (100 bytes).
    Removing stm32l0xx_ll_usart.o(.ARM.exidx.text.LL_USART_SetBaudRate), (8 bytes).
    Removing stm32l0xx_ll_usart.o(.text.LL_USART_StructInit), (44 bytes).
    Removing stm32l0xx_ll_usart.o(.ARM.exidx.text.LL_USART_StructInit), (8 bytes).
    Removing stm32l0xx_ll_usart.o(.text.LL_USART_ClockInit), (98 bytes).
    Removing stm32l0xx_ll_usart.o(.ARM.exidx.text.LL_USART_ClockInit), (8 bytes).
    Removing stm32l0xx_ll_usart.o(.text.LL_USART_DisableSCLKOutput), (20 bytes).
    Removing stm32l0xx_ll_usart.o(.ARM.exidx.text.LL_USART_DisableSCLKOutput), (8 bytes).
    Removing stm32l0xx_ll_usart.o(.text.LL_USART_ClockStructInit), (26 bytes).
    Removing stm32l0xx_ll_usart.o(.ARM.exidx.text.LL_USART_ClockStructInit), (8 bytes).
    Removing stm32l0xx_ll_usb.o(.text), (0 bytes).
    Removing stm32l0xx_ll_utils.o(.text), (0 bytes).
    Removing stm32l0xx_ll_utils.o(.text.LL_Init1msTick), (20 bytes).
    Removing stm32l0xx_ll_utils.o(.ARM.exidx.text.LL_Init1msTick), (8 bytes).
    Removing stm32l0xx_ll_utils.o(.text.LL_InitTick), (52 bytes).
    Removing stm32l0xx_ll_utils.o(.ARM.exidx.text.LL_InitTick), (8 bytes).
    Removing stm32l0xx_ll_utils.o(.text.LL_mDelay), (72 bytes).
    Removing stm32l0xx_ll_utils.o(.ARM.exidx.text.LL_mDelay), (8 bytes).
    Removing stm32l0xx_ll_utils.o(.text.LL_SetSystemCoreClock), (20 bytes).
    Removing stm32l0xx_ll_utils.o(.ARM.exidx.text.LL_SetSystemCoreClock), (8 bytes).
    Removing stm32l0xx_ll_utils.o(.text.LL_SetFlashLatency), (264 bytes).
    Removing stm32l0xx_ll_utils.o(.ARM.exidx.text.LL_SetFlashLatency), (8 bytes).
    Removing stm32l0xx_ll_utils.o(.text.LL_PWR_GetRegulVoltageScaling), (16 bytes).
    Removing stm32l0xx_ll_utils.o(.ARM.exidx.text.LL_PWR_GetRegulVoltageScaling), (8 bytes).
    Removing stm32l0xx_ll_utils.o(.text.LL_FLASH_SetLatency), (28 bytes).
    Removing stm32l0xx_ll_utils.o(.ARM.exidx.text.LL_FLASH_SetLatency), (8 bytes).
    Removing stm32l0xx_ll_utils.o(.text.LL_FLASH_GetLatency), (16 bytes).
    Removing stm32l0xx_ll_utils.o(.ARM.exidx.text.LL_FLASH_GetLatency), (8 bytes).
    Removing stm32l0xx_ll_utils.o(.text.LL_PLL_ConfigSystemClock_HSI), (112 bytes).
    Removing stm32l0xx_ll_utils.o(.ARM.exidx.text.LL_PLL_ConfigSystemClock_HSI), (8 bytes).
    Removing stm32l0xx_ll_utils.o(.text.UTILS_PLL_IsBusy), (36 bytes).
    Removing stm32l0xx_ll_utils.o(.ARM.exidx.text.UTILS_PLL_IsBusy), (8 bytes).
    Removing stm32l0xx_ll_utils.o(.text.UTILS_GetPLLOutputFrequency), (56 bytes).
    Removing stm32l0xx_ll_utils.o(.ARM.exidx.text.UTILS_GetPLLOutputFrequency), (8 bytes).
    Removing stm32l0xx_ll_utils.o(.text.LL_RCC_HSI_IsReady), (16 bytes).
    Removing stm32l0xx_ll_utils.o(.ARM.exidx.text.LL_RCC_HSI_IsReady), (8 bytes).
    Removing stm32l0xx_ll_utils.o(.text.LL_RCC_HSI_Enable), (16 bytes).
    Removing stm32l0xx_ll_utils.o(.ARM.exidx.text.LL_RCC_HSI_Enable), (8 bytes).
    Removing stm32l0xx_ll_utils.o(.text.LL_RCC_PLL_ConfigDomain_SYS), (40 bytes).
    Removing stm32l0xx_ll_utils.o(.ARM.exidx.text.LL_RCC_PLL_ConfigDomain_SYS), (8 bytes).
    Removing stm32l0xx_ll_utils.o(.text.UTILS_EnablePLLAndSwitchSystem), (188 bytes).
    Removing stm32l0xx_ll_utils.o(.ARM.exidx.text.UTILS_EnablePLLAndSwitchSystem), (8 bytes).
    Removing stm32l0xx_ll_utils.o(.text.LL_PLL_ConfigSystemClock_HSE), (134 bytes).
    Removing stm32l0xx_ll_utils.o(.ARM.exidx.text.LL_PLL_ConfigSystemClock_HSE), (8 bytes).
    Removing stm32l0xx_ll_utils.o(.text.LL_RCC_HSE_IsReady), (20 bytes).
    Removing stm32l0xx_ll_utils.o(.ARM.exidx.text.LL_RCC_HSE_IsReady), (8 bytes).
    Removing stm32l0xx_ll_utils.o(.text.LL_RCC_HSE_EnableBypass), (20 bytes).
    Removing stm32l0xx_ll_utils.o(.ARM.exidx.text.LL_RCC_HSE_EnableBypass), (8 bytes).
    Removing stm32l0xx_ll_utils.o(.text.LL_RCC_HSE_DisableBypass), (20 bytes).
    Removing stm32l0xx_ll_utils.o(.ARM.exidx.text.LL_RCC_HSE_DisableBypass), (8 bytes).
    Removing stm32l0xx_ll_utils.o(.text.LL_RCC_HSE_Enable), (20 bytes).
    Removing stm32l0xx_ll_utils.o(.ARM.exidx.text.LL_RCC_HSE_Enable), (8 bytes).
    Removing stm32l0xx_ll_utils.o(.text.LL_RCC_PLL_IsReady), (20 bytes).
    Removing stm32l0xx_ll_utils.o(.ARM.exidx.text.LL_RCC_PLL_IsReady), (8 bytes).
    Removing stm32l0xx_ll_utils.o(.text.LL_RCC_PLL_Enable), (20 bytes).
    Removing stm32l0xx_ll_utils.o(.ARM.exidx.text.LL_RCC_PLL_Enable), (8 bytes).
    Removing stm32l0xx_ll_utils.o(.text.LL_RCC_SetAHBPrescaler), (28 bytes).
    Removing stm32l0xx_ll_utils.o(.ARM.exidx.text.LL_RCC_SetAHBPrescaler), (8 bytes).
    Removing stm32l0xx_ll_utils.o(.text.LL_RCC_SetSysClkSource), (28 bytes).
    Removing stm32l0xx_ll_utils.o(.ARM.exidx.text.LL_RCC_SetSysClkSource), (8 bytes).
    Removing stm32l0xx_ll_utils.o(.text.LL_RCC_GetSysClkSource), (16 bytes).
    Removing stm32l0xx_ll_utils.o(.ARM.exidx.text.LL_RCC_GetSysClkSource), (8 bytes).
    Removing stm32l0xx_ll_utils.o(.text.LL_RCC_SetAPB1Prescaler), (28 bytes).
    Removing stm32l0xx_ll_utils.o(.ARM.exidx.text.LL_RCC_SetAPB1Prescaler), (8 bytes).
    Removing stm32l0xx_ll_utils.o(.text.LL_RCC_SetAPB2Prescaler), (28 bytes).
    Removing stm32l0xx_ll_utils.o(.ARM.exidx.text.LL_RCC_SetAPB2Prescaler), (8 bytes).
    Removing stm32l0xx_ll.o(.text), (0 bytes).
    Removing stm32l0xx_hal_msp.o(.text), (0 bytes).
    Removing stm32l0xx_hal_msp.o(.ARM.exidx.text.HAL_MspInit), (8 bytes).
    Removing system_stm32l0xx.o(.text), (0 bytes).
    Removing system_stm32l0xx.o(.ARM.exidx.text.SystemInit), (8 bytes).
    Removing system_stm32l0xx.o(.text.SystemCoreClockUpdate), (308 bytes).
    Removing system_stm32l0xx.o(.ARM.exidx.text.SystemCoreClockUpdate), (8 bytes).
    Removing system_stm32l0xx.o(.rodata.APBPrescTable), (8 bytes).

1100 unused section(s) (total 53889 bytes) removed from the image.

==============================================================================

Image Symbol Table

    Local Symbols

    Symbol Name                              Value     Ov Type        Size  Object(Section)

    ../clib/angel/boardlib.s                 0x00000000   Number         0  boardinit1.o ABSOLUTE
    ../clib/angel/boardlib.s                 0x00000000   Number         0  boardinit2.o ABSOLUTE
    ../clib/angel/boardlib.s                 0x00000000   Number         0  boardinit3.o ABSOLUTE
    ../clib/angel/boardlib.s                 0x00000000   Number         0  boardshut.o ABSOLUTE
    ../clib/angel/handlers.s                 0x00000000   Number         0  __scatter_copy.o ABSOLUTE
    ../clib/angel/handlers.s                 0x00000000   Number         0  __scatter_zi.o ABSOLUTE
    ../clib/angel/kernel.s                   0x00000000   Number         0  __rtentry.o ABSOLUTE
    ../clib/angel/kernel.s                   0x00000000   Number         0  __rtentry2.o ABSOLUTE
    ../clib/angel/kernel.s                   0x00000000   Number         0  __rtentry4.o ABSOLUTE
    ../clib/angel/kernel.s                   0x00000000   Number         0  rtexit.o ABSOLUTE
    ../clib/angel/kernel.s                   0x00000000   Number         0  rtexit2.o ABSOLUTE
    ../clib/angel/rt.s                       0x00000000   Number         0  aeabi_idiv0.o ABSOLUTE
    ../clib/angel/rt.s                       0x00000000   Number         0  aeabi_idiv0_sigfpe.o ABSOLUTE
    ../clib/angel/rt.s                       0x00000000   Number         0  aeabi_ldiv0.o ABSOLUTE
    ../clib/angel/rt.s                       0x00000000   Number         0  aeabi_ldiv0_sigfpe.o ABSOLUTE
    ../clib/angel/rt.s                       0x00000000   Number         0  rt_div0.o ABSOLUTE
    ../clib/angel/rt.s                       0x00000000   Number         0  rt_raise.o ABSOLUTE
    ../clib/angel/scatterp.s                 0x00000000   Number         0  __scatter.o ABSOLUTE
    ../clib/angel/startup.s                  0x00000000   Number         0  __main.o ABSOLUTE
    ../clib/angel/sys.s                      0x00000000   Number         0  sys_stackheap_outer.o ABSOLUTE
    ../clib/angel/sys.s                      0x00000000   Number         0  libspace.o ABSOLUTE
    ../clib/angel/sys.s                      0x00000000   Number         0  tempstk.o ABSOLUTE
    ../clib/angel/sys.s                      0x00000000   Number         0  use_no_semi.o ABSOLUTE
    ../clib/angel/sys.s                      0x00000000   Number         0  indicate_semi.o ABSOLUTE
    ../clib/angel/sysapp.c                   0x00000000   Number         0  sys_exit.o ABSOLUTE
    ../clib/angel/sysapp.c                   0x00000000   Number         0  sys_exit_hlt.o ABSOLUTE
    ../clib/angel/sysapp.c                   0x00000000   Number         0  sys_wrch.o ABSOLUTE
    ../clib/angel/sysapp.c                   0x00000000   Number         0  sys_wrch_hlt.o ABSOLUTE
    ../clib/angel/sysapp.c                   0x00000000   Number         0  sys_command.o ABSOLUTE
    ../clib/angel/sysapp.c                   0x00000000   Number         0  sys_command_hlt.o ABSOLUTE
    ../clib/armsys.c                         0x00000000   Number         0  argv_veneer.o ABSOLUTE
    ../clib/armsys.c                         0x00000000   Number         0  _get_argv_nomalloc.o ABSOLUTE
    ../clib/armsys.c                         0x00000000   Number         0  no_argv.o ABSOLUTE
    ../clib/division.c                       0x00000000   Number         0  lludiv.o ABSOLUTE
    ../clib/division.s                       0x00000000   Number         0  aeabi_sdiv.o ABSOLUTE
    ../clib/division.s                       0x00000000   Number         0  aeabi_sdiv_div0.o ABSOLUTE
    ../clib/heapalloc.c                      0x00000000   Number         0  hrguard.o ABSOLUTE
    ../clib/heapaux.c                        0x00000000   Number         0  heapauxi.o ABSOLUTE
    ../clib/libinit.s                        0x00000000   Number         0  libinit.o ABSOLUTE
    ../clib/libinit.s                        0x00000000   Number         0  libinit2.o ABSOLUTE
    ../clib/libinit.s                        0x00000000   Number         0  libshutdown.o ABSOLUTE
    ../clib/libinit.s                        0x00000000   Number         0  libshutdown2.o ABSOLUTE
    ../clib/longlong.c                       0x00000000   Number         0  llmul.o ABSOLUTE
    ../clib/memcpset.c                       0x00000000   Number         0  rt_memclr.o ABSOLUTE
    ../clib/signal.c                         0x00000000   Number         0  defsig_fpe_outer.o ABSOLUTE
    ../clib/signal.c                         0x00000000   Number         0  defsig_fpe_formal.o ABSOLUTE
    ../clib/signal.c                         0x00000000   Number         0  defsig_exit.o ABSOLUTE
    ../clib/signal.c                         0x00000000   Number         0  defsig_fpe_inner.o ABSOLUTE
    ../clib/signal.c                         0x00000000   Number         0  __raise.o ABSOLUTE
    ../clib/signal.c                         0x00000000   Number         0  defsig_general.o ABSOLUTE
    ../clib/signal.c                         0x00000000   Number         0  defsig_abrt_inner.o ABSOLUTE
    ../clib/signal.c                         0x00000000   Number         0  defsig_rtred_inner.o ABSOLUTE
    ../clib/signal.c                         0x00000000   Number         0  defsig_rtmem_inner.o ABSOLUTE
    ../clib/signal.c                         0x00000000   Number         0  defsig_rtmem_outer.o ABSOLUTE
    ../clib/signal.c                         0x00000000   Number         0  defsig_rtmem_formal.o ABSOLUTE
    ../clib/signal.c                         0x00000000   Number         0  defsig_stak_inner.o ABSOLUTE
    ../clib/signal.c                         0x00000000   Number         0  defsig_pvfn_inner.o ABSOLUTE
    ../clib/signal.c                         0x00000000   Number         0  defsig_cppl_inner.o ABSOLUTE
    ../clib/signal.c                         0x00000000   Number         0  defsig_segv_inner.o ABSOLUTE
    ../clib/signal.c                         0x00000000   Number         0  defsig_other.o ABSOLUTE
    ../clib/signal.s                         0x00000000   Number         0  defsig.o ABSOLUTE
    ../clib/stdlib.c                         0x00000000   Number         0  exit.o ABSOLUTE
    ../fplib/cfplib/fpinit.c                 0x00000000   Number         0  fpinit.o ABSOLUTE
    E:/Tennesse Tech Course Materials/ECE 3130 MicroComputer Systems/LAB Assignments/LAB 8/RTE/Device/STM32L031K6Tx/STCubeGenerated/MDK-ARM/startup_stm32l031xx.s 0x00000000   Number         0  startup_stm32l031xx.o ABSOLUTE
    dc.s                                     0x00000000   Number         0  dc.o ABSOLUTE
    main.c                                   0x00000000   Number         0  main.o ABSOLUTE
    stm32l0xx_hal.c                          0x00000000   Number         0  stm32l0xx_hal.o ABSOLUTE
    stm32l0xx_hal_adc.c                      0x00000000   Number         0  stm32l0xx_hal_adc.o ABSOLUTE
    stm32l0xx_hal_adc_ex.c                   0x00000000   Number         0  stm32l0xx_hal_adc_ex.o ABSOLUTE
    stm32l0xx_hal_comp.c                     0x00000000   Number         0  stm32l0xx_hal_comp.o ABSOLUTE
    stm32l0xx_hal_comp_ex.c                  0x00000000   Number         0  stm32l0xx_hal_comp_ex.o ABSOLUTE
    stm32l0xx_hal_cortex.c                   0x00000000   Number         0  stm32l0xx_hal_cortex.o ABSOLUTE
    stm32l0xx_hal_crc.c                      0x00000000   Number         0  stm32l0xx_hal_crc.o ABSOLUTE
    stm32l0xx_hal_crc_ex.c                   0x00000000   Number         0  stm32l0xx_hal_crc_ex.o ABSOLUTE
    stm32l0xx_hal_cryp.c                     0x00000000   Number         0  stm32l0xx_hal_cryp.o ABSOLUTE
    stm32l0xx_hal_cryp_ex.c                  0x00000000   Number         0  stm32l0xx_hal_cryp_ex.o ABSOLUTE
    stm32l0xx_hal_dac.c                      0x00000000   Number         0  stm32l0xx_hal_dac.o ABSOLUTE
    stm32l0xx_hal_dac_ex.c                   0x00000000   Number         0  stm32l0xx_hal_dac_ex.o ABSOLUTE
    stm32l0xx_hal_dma.c                      0x00000000   Number         0  stm32l0xx_hal_dma.o ABSOLUTE
    stm32l0xx_hal_exti.c                     0x00000000   Number         0  stm32l0xx_hal_exti.o ABSOLUTE
    stm32l0xx_hal_firewall.c                 0x00000000   Number         0  stm32l0xx_hal_firewall.o ABSOLUTE
    stm32l0xx_hal_flash.c                    0x00000000   Number         0  stm32l0xx_hal_flash.o ABSOLUTE
    stm32l0xx_hal_flash_ex.c                 0x00000000   Number         0  stm32l0xx_hal_flash_ex.o ABSOLUTE
    stm32l0xx_hal_flash_ramfunc.c            0x00000000   Number         0  stm32l0xx_hal_flash_ramfunc.o ABSOLUTE
    stm32l0xx_hal_gpio.c                     0x00000000   Number         0  stm32l0xx_hal_gpio.o ABSOLUTE
    stm32l0xx_hal_i2c.c                      0x00000000   Number         0  stm32l0xx_hal_i2c.o ABSOLUTE
    stm32l0xx_hal_i2c_ex.c                   0x00000000   Number         0  stm32l0xx_hal_i2c_ex.o ABSOLUTE
    stm32l0xx_hal_i2s.c                      0x00000000   Number         0  stm32l0xx_hal_i2s.o ABSOLUTE
    stm32l0xx_hal_irda.c                     0x00000000   Number         0  stm32l0xx_hal_irda.o ABSOLUTE
    stm32l0xx_hal_iwdg.c                     0x00000000   Number         0  stm32l0xx_hal_iwdg.o ABSOLUTE
    stm32l0xx_hal_lcd.c                      0x00000000   Number         0  stm32l0xx_hal_lcd.o ABSOLUTE
    stm32l0xx_hal_lptim.c                    0x00000000   Number         0  stm32l0xx_hal_lptim.o ABSOLUTE
    stm32l0xx_hal_msp.c                      0x00000000   Number         0  stm32l0xx_hal_msp.o ABSOLUTE
    stm32l0xx_hal_pcd.c                      0x00000000   Number         0  stm32l0xx_hal_pcd.o ABSOLUTE
    stm32l0xx_hal_pcd_ex.c                   0x00000000   Number         0  stm32l0xx_hal_pcd_ex.o ABSOLUTE
    stm32l0xx_hal_pwr.c                      0x00000000   Number         0  stm32l0xx_hal_pwr.o ABSOLUTE
    stm32l0xx_hal_pwr_ex.c                   0x00000000   Number         0  stm32l0xx_hal_pwr_ex.o ABSOLUTE
    stm32l0xx_hal_rcc.c                      0x00000000   Number         0  stm32l0xx_hal_rcc.o ABSOLUTE
    stm32l0xx_hal_rcc_ex.c                   0x00000000   Number         0  stm32l0xx_hal_rcc_ex.o ABSOLUTE
    stm32l0xx_hal_rng.c                      0x00000000   Number         0  stm32l0xx_hal_rng.o ABSOLUTE
    stm32l0xx_hal_rtc.c                      0x00000000   Number         0  stm32l0xx_hal_rtc.o ABSOLUTE
    stm32l0xx_hal_rtc_ex.c                   0x00000000   Number         0  stm32l0xx_hal_rtc_ex.o ABSOLUTE
    stm32l0xx_hal_smartcard.c                0x00000000   Number         0  stm32l0xx_hal_smartcard.o ABSOLUTE
    stm32l0xx_hal_smartcard_ex.c             0x00000000   Number         0  stm32l0xx_hal_smartcard_ex.o ABSOLUTE
    stm32l0xx_hal_smbus.c                    0x00000000   Number         0  stm32l0xx_hal_smbus.o ABSOLUTE
    stm32l0xx_hal_smbus_ex.c                 0x00000000   Number         0  stm32l0xx_hal_smbus_ex.o ABSOLUTE
    stm32l0xx_hal_spi.c                      0x00000000   Number         0  stm32l0xx_hal_spi.o ABSOLUTE
    stm32l0xx_hal_tim.c                      0x00000000   Number         0  stm32l0xx_hal_tim.o ABSOLUTE
    stm32l0xx_hal_tim_ex.c                   0x00000000   Number         0  stm32l0xx_hal_tim_ex.o ABSOLUTE
    stm32l0xx_hal_tsc.c                      0x00000000   Number         0  stm32l0xx_hal_tsc.o ABSOLUTE
    stm32l0xx_hal_uart.c                     0x00000000   Number         0  stm32l0xx_hal_uart.o ABSOLUTE
    stm32l0xx_hal_uart_ex.c                  0x00000000   Number         0  stm32l0xx_hal_uart_ex.o ABSOLUTE
    stm32l0xx_hal_usart.c                    0x00000000   Number         0  stm32l0xx_hal_usart.o ABSOLUTE
    stm32l0xx_hal_wwdg.c                     0x00000000   Number         0  stm32l0xx_hal_wwdg.o ABSOLUTE
    stm32l0xx_it.c                           0x00000000   Number         0  stm32l0xx_it.o ABSOLUTE
    stm32l0xx_ll.c                           0x00000000   Number         0  stm32l0xx_ll.o ABSOLUTE
    stm32l0xx_ll_adc.c                       0x00000000   Number         0  stm32l0xx_ll_adc.o ABSOLUTE
    stm32l0xx_ll_comp.c                      0x00000000   Number         0  stm32l0xx_ll_comp.o ABSOLUTE
    stm32l0xx_ll_crc.c                       0x00000000   Number         0  stm32l0xx_ll_crc.o ABSOLUTE
    stm32l0xx_ll_crs.c                       0x00000000   Number         0  stm32l0xx_ll_crs.o ABSOLUTE
    stm32l0xx_ll_dac.c                       0x00000000   Number         0  stm32l0xx_ll_dac.o ABSOLUTE
    stm32l0xx_ll_dma.c                       0x00000000   Number         0  stm32l0xx_ll_dma.o ABSOLUTE
    stm32l0xx_ll_exti.c                      0x00000000   Number         0  stm32l0xx_ll_exti.o ABSOLUTE
    stm32l0xx_ll_gpio.c                      0x00000000   Number         0  stm32l0xx_ll_gpio.o ABSOLUTE
    stm32l0xx_ll_i2c.c                       0x00000000   Number         0  stm32l0xx_ll_i2c.o ABSOLUTE
    stm32l0xx_ll_lptim.c                     0x00000000   Number         0  stm32l0xx_ll_lptim.o ABSOLUTE
    stm32l0xx_ll_lpuart.c                    0x00000000   Number         0  stm32l0xx_ll_lpuart.o ABSOLUTE
    stm32l0xx_ll_pwr.c                       0x00000000   Number         0  stm32l0xx_ll_pwr.o ABSOLUTE
    stm32l0xx_ll_rcc.c                       0x00000000   Number         0  stm32l0xx_ll_rcc.o ABSOLUTE
    stm32l0xx_ll_rng.c                       0x00000000   Number         0  stm32l0xx_ll_rng.o ABSOLUTE
    stm32l0xx_ll_rtc.c                       0x00000000   Number         0  stm32l0xx_ll_rtc.o ABSOLUTE
    stm32l0xx_ll_spi.c                       0x00000000   Number         0  stm32l0xx_ll_spi.o ABSOLUTE
    stm32l0xx_ll_tim.c                       0x00000000   Number         0  stm32l0xx_ll_tim.o ABSOLUTE
    stm32l0xx_ll_usart.c                     0x00000000   Number         0  stm32l0xx_ll_usart.o ABSOLUTE
    stm32l0xx_ll_usb.c                       0x00000000   Number         0  stm32l0xx_ll_usb.o ABSOLUTE
    stm32l0xx_ll_utils.c                     0x00000000   Number         0  stm32l0xx_ll_utils.o ABSOLUTE
    system_stm32l0xx.c                       0x00000000   Number         0  system_stm32l0xx.o ABSOLUTE
    RESET                                    0x08000000   Section      192  startup_stm32l031xx.o(RESET)
    !!!main                                  0x080000c0   Section        8  __main.o(!!!main)
    !!!scatter                               0x080000c8   Section       60  __scatter.o(!!!scatter)
    !!handler_copy                           0x08000104   Section       26  __scatter_copy.o(!!handler_copy)
    !!handler_zi                             0x08000120   Section       28  __scatter_zi.o(!!handler_zi)
    .ARM.Collect$$libinit$$00000000          0x0800013c   Section        2  libinit.o(.ARM.Collect$$libinit$$00000000)
    .ARM.Collect$$libinit$$00000002          0x0800013e   Section        0  libinit2.o(.ARM.Collect$$libinit$$00000002)
    .ARM.Collect$$libinit$$00000004          0x0800013e   Section        0  libinit2.o(.ARM.Collect$$libinit$$00000004)
    .ARM.Collect$$libinit$$00000006          0x0800013e   Section        0  libinit2.o(.ARM.Collect$$libinit$$00000006)
    .ARM.Collect$$libinit$$0000000C          0x0800013e   Section        0  libinit2.o(.ARM.Collect$$libinit$$0000000C)
    .ARM.Collect$$libinit$$0000000E          0x0800013e   Section        0  libinit2.o(.ARM.Collect$$libinit$$0000000E)
    .ARM.Collect$$libinit$$00000010          0x0800013e   Section        0  libinit2.o(.ARM.Collect$$libinit$$00000010)
    .ARM.Collect$$libinit$$00000013          0x0800013e   Section        0  libinit2.o(.ARM.Collect$$libinit$$00000013)
    .ARM.Collect$$libinit$$00000015          0x0800013e   Section        0  libinit2.o(.ARM.Collect$$libinit$$00000015)
    .ARM.Collect$$libinit$$00000017          0x0800013e   Section        0  libinit2.o(.ARM.Collect$$libinit$$00000017)
    .ARM.Collect$$libinit$$00000019          0x0800013e   Section        0  libinit2.o(.ARM.Collect$$libinit$$00000019)
    .ARM.Collect$$libinit$$0000001B          0x0800013e   Section        0  libinit2.o(.ARM.Collect$$libinit$$0000001B)
    .ARM.Collect$$libinit$$0000001D          0x0800013e   Section        0  libinit2.o(.ARM.Collect$$libinit$$0000001D)
    .ARM.Collect$$libinit$$0000001F          0x0800013e   Section        0  libinit2.o(.ARM.Collect$$libinit$$0000001F)
    .ARM.Collect$$libinit$$00000021          0x0800013e   Section        0  libinit2.o(.ARM.Collect$$libinit$$00000021)
    .ARM.Collect$$libinit$$00000023          0x0800013e   Section        0  libinit2.o(.ARM.Collect$$libinit$$00000023)
    .ARM.Collect$$libinit$$00000025          0x0800013e   Section        0  libinit2.o(.ARM.Collect$$libinit$$00000025)
    .ARM.Collect$$libinit$$00000027          0x0800013e   Section        0  libinit2.o(.ARM.Collect$$libinit$$00000027)
    .ARM.Collect$$libinit$$0000002E          0x0800013e   Section        0  libinit2.o(.ARM.Collect$$libinit$$0000002E)
    .ARM.Collect$$libinit$$00000030          0x0800013e   Section        0  libinit2.o(.ARM.Collect$$libinit$$00000030)
    .ARM.Collect$$libinit$$00000032          0x0800013e   Section        0  libinit2.o(.ARM.Collect$$libinit$$00000032)
    .ARM.Collect$$libinit$$00000034          0x0800013e   Section        0  libinit2.o(.ARM.Collect$$libinit$$00000034)
    .ARM.Collect$$libinit$$00000035          0x0800013e   Section        2  libinit2.o(.ARM.Collect$$libinit$$00000035)
    .ARM.Collect$$libshutdown$$00000000      0x08000140   Section        2  libshutdown.o(.ARM.Collect$$libshutdown$$00000000)
    .ARM.Collect$$libshutdown$$00000002      0x08000142   Section        0  libshutdown2.o(.ARM.Collect$$libshutdown$$00000002)
    .ARM.Collect$$libshutdown$$00000004      0x08000142   Section        0  libshutdown2.o(.ARM.Collect$$libshutdown$$00000004)
    .ARM.Collect$$libshutdown$$00000007      0x08000142   Section        0  libshutdown2.o(.ARM.Collect$$libshutdown$$00000007)
    .ARM.Collect$$libshutdown$$0000000A      0x08000142   Section        0  libshutdown2.o(.ARM.Collect$$libshutdown$$0000000A)
    .ARM.Collect$$libshutdown$$0000000C      0x08000142   Section        0  libshutdown2.o(.ARM.Collect$$libshutdown$$0000000C)
    .ARM.Collect$$libshutdown$$0000000F      0x08000142   Section        0  libshutdown2.o(.ARM.Collect$$libshutdown$$0000000F)
    .ARM.Collect$$libshutdown$$00000010      0x08000142   Section        2  libshutdown2.o(.ARM.Collect$$libshutdown$$00000010)
    .ARM.Collect$$rtentry$$00000000          0x08000144   Section        0  __rtentry.o(.ARM.Collect$$rtentry$$00000000)
    .ARM.Collect$$rtentry$$00000002          0x08000144   Section        0  __rtentry2.o(.ARM.Collect$$rtentry$$00000002)
    .ARM.Collect$$rtentry$$00000004          0x08000144   Section        6  __rtentry4.o(.ARM.Collect$$rtentry$$00000004)
    .ARM.Collect$$rtentry$$00000009          0x0800014a   Section        0  __rtentry2.o(.ARM.Collect$$rtentry$$00000009)
    .ARM.Collect$$rtentry$$0000000A          0x0800014a   Section        4  __rtentry2.o(.ARM.Collect$$rtentry$$0000000A)
    .ARM.Collect$$rtentry$$0000000C          0x0800014e   Section        0  __rtentry2.o(.ARM.Collect$$rtentry$$0000000C)
    .ARM.Collect$$rtentry$$0000000D          0x0800014e   Section        8  __rtentry2.o(.ARM.Collect$$rtentry$$0000000D)
    .ARM.Collect$$rtexit$$00000000           0x08000156   Section        2  rtexit.o(.ARM.Collect$$rtexit$$00000000)
    .ARM.Collect$$rtexit$$00000002           0x08000158   Section        0  rtexit2.o(.ARM.Collect$$rtexit$$00000002)
    .ARM.Collect$$rtexit$$00000003           0x08000158   Section        4  rtexit2.o(.ARM.Collect$$rtexit$$00000003)
    .ARM.Collect$$rtexit$$00000004           0x0800015c   Section        6  rtexit2.o(.ARM.Collect$$rtexit$$00000004)
    .text                                    0x08000164   Section       56  startup_stm32l031xx.o(.text)
    .text                                    0x0800019c   Section        0  llmul.o(.text)
    .text                                    0x080001cc   Section        0  lludiv.o(.text)
    .text                                    0x080002dc   Section        0  rt_memclr.o(.text)
    .text                                    0x0800031c   Section      364  aeabi_sdiv.o(.text)
    .text                                    0x08000488   Section        0  heapauxi.o(.text)
    .text                                    0x0800048e   Section       62  sys_stackheap_outer.o(.text)
    .text                                    0x080004cc   Section        0  exit.o(.text)
    .text                                    0x080004dc   Section        8  libspace.o(.text)
    .text                                    0x080004e4   Section        0  sys_exit.o(.text)
    .text                                    0x080004f0   Section        2  use_no_semi.o(.text)
    [Anonymous Symbol]                       0x080004f2   Section        0  main.o(.text.Error_Handler)
    .text                                    0x080004f2   Section        0  indicate_semi.o(.text)
    [Anonymous Symbol]                       0x080004f8   Section        0  stm32l0xx_hal.o(.text.HAL_GetTick)
    [Anonymous Symbol]                       0x08000500   Section        0  stm32l0xx_hal.o(.text.HAL_IncTick)
    __arm_cp.5_1                             0x08000510   Number         4  stm32l0xx_hal.o(.text.HAL_IncTick)
    [Anonymous Symbol]                       0x08000514   Section        0  stm32l0xx_hal.o(.text.HAL_Init)
    [Anonymous Symbol]                       0x0800054c   Section        0  stm32l0xx_hal.o(.text.HAL_InitTick)
    __arm_cp.1_1                             0x080005b0   Number         4  stm32l0xx_hal.o(.text.HAL_InitTick)
    [Anonymous Symbol]                       0x080005b4   Section        0  stm32l0xx_hal_msp.o(.text.HAL_MspInit)
    __arm_cp.0_0                             0x080005cc   Number         4  stm32l0xx_hal_msp.o(.text.HAL_MspInit)
    __arm_cp.0_1                             0x080005d0   Number         4  stm32l0xx_hal_msp.o(.text.HAL_MspInit)
    [Anonymous Symbol]                       0x080005d4   Section        0  stm32l0xx_hal_cortex.o(.text.HAL_NVIC_SetPriority)
    [Anonymous Symbol]                       0x080005f0   Section        0  stm32l0xx_hal_rcc.o(.text.HAL_RCC_ClockConfig)
    __arm_cp.3_0                             0x080008d8   Number         4  stm32l0xx_hal_rcc.o(.text.HAL_RCC_ClockConfig)
    __arm_cp.3_3                             0x080008dc   Number         4  stm32l0xx_hal_rcc.o(.text.HAL_RCC_ClockConfig)
    __arm_cp.3_4                             0x080008e0   Number         4  stm32l0xx_hal_rcc.o(.text.HAL_RCC_ClockConfig)
    __arm_cp.3_5                             0x080008e4   Number         4  stm32l0xx_hal_rcc.o(.text.HAL_RCC_ClockConfig)
    __arm_cp.3_6                             0x080008e8   Number         4  stm32l0xx_hal_rcc.o(.text.HAL_RCC_ClockConfig)
    [Anonymous Symbol]                       0x080008ec   Section        0  stm32l0xx_hal_rcc.o(.text.HAL_RCC_GetSysClockFreq)
    __arm_cp.2_0                             0x08000a0c   Number         4  stm32l0xx_hal_rcc.o(.text.HAL_RCC_GetSysClockFreq)
    __arm_cp.2_1                             0x08000a10   Number         4  stm32l0xx_hal_rcc.o(.text.HAL_RCC_GetSysClockFreq)
    __arm_cp.2_2                             0x08000a14   Number         4  stm32l0xx_hal_rcc.o(.text.HAL_RCC_GetSysClockFreq)
    __arm_cp.2_3                             0x08000a18   Number         4  stm32l0xx_hal_rcc.o(.text.HAL_RCC_GetSysClockFreq)
    __arm_cp.2_4                             0x08000a1c   Number         4  stm32l0xx_hal_rcc.o(.text.HAL_RCC_GetSysClockFreq)
    __arm_cp.2_5                             0x08000a20   Number         4  stm32l0xx_hal_rcc.o(.text.HAL_RCC_GetSysClockFreq)
    __arm_cp.2_6                             0x08000a24   Number         4  stm32l0xx_hal_rcc.o(.text.HAL_RCC_GetSysClockFreq)
    [Anonymous Symbol]                       0x08000a28   Section        0  stm32l0xx_hal_rcc.o(.text.HAL_RCC_OscConfig)
    __arm_cp.1_12                            0x08000e3c   Number         4  stm32l0xx_hal_rcc.o(.text.HAL_RCC_OscConfig)
    __arm_cp.1_13                            0x08000e40   Number         4  stm32l0xx_hal_rcc.o(.text.HAL_RCC_OscConfig)
    __arm_cp.1_14                            0x08000e44   Number         4  stm32l0xx_hal_rcc.o(.text.HAL_RCC_OscConfig)
    __arm_cp.1_15                            0x08000e48   Number         4  stm32l0xx_hal_rcc.o(.text.HAL_RCC_OscConfig)
    __arm_cp.1_0                             0x080011b8   Number         4  stm32l0xx_hal_rcc.o(.text.HAL_RCC_OscConfig)
    __arm_cp.1_1                             0x080011bc   Number         4  stm32l0xx_hal_rcc.o(.text.HAL_RCC_OscConfig)
    __arm_cp.1_6                             0x080011c0   Number         4  stm32l0xx_hal_rcc.o(.text.HAL_RCC_OscConfig)
    __arm_cp.1_7                             0x080011c4   Number         4  stm32l0xx_hal_rcc.o(.text.HAL_RCC_OscConfig)
    __arm_cp.1_8                             0x080011c8   Number         4  stm32l0xx_hal_rcc.o(.text.HAL_RCC_OscConfig)
    __arm_cp.1_9                             0x080011cc   Number         4  stm32l0xx_hal_rcc.o(.text.HAL_RCC_OscConfig)
    [Anonymous Symbol]                       0x080011d0   Section        0  stm32l0xx_hal_cortex.o(.text.HAL_SYSTICK_Config)
    [Anonymous Symbol]                       0x080011e0   Section        0  stm32l0xx_it.o(.text.HardFault_Handler)
    [Anonymous Symbol]                       0x080011e4   Section        0  main.o(.text.Init_LED1)
    __arm_cp.2_1                             0x08001238   Number         4  main.o(.text.Init_LED1)
    __arm_cp.2_2                             0x0800123c   Number         4  main.o(.text.Init_LED1)
    __arm_cp.2_4                             0x08001240   Number         4  main.o(.text.Init_LED1)
    [Anonymous Symbol]                       0x08001244   Section        0  stm32l0xx_it.o(.text.NMI_Handler)
    [Anonymous Symbol]                       0x08001248   Section        0  stm32l0xx_it.o(.text.PendSV_Handler)
    [Anonymous Symbol]                       0x0800124a   Section        0  stm32l0xx_it.o(.text.SVC_Handler)
    SysTick_Config                           0x0800124d   Thumb Code    68  stm32l0xx_hal_cortex.o(.text.SysTick_Config)
    [Anonymous Symbol]                       0x0800124c   Section        0  stm32l0xx_hal_cortex.o(.text.SysTick_Config)
    __arm_cp.9_0                             0x08001290   Number         4  stm32l0xx_hal_cortex.o(.text.SysTick_Config)
    __arm_cp.9_1                             0x08001294   Number         4  stm32l0xx_hal_cortex.o(.text.SysTick_Config)
    __arm_cp.9_2                             0x08001298   Number         4  stm32l0xx_hal_cortex.o(.text.SysTick_Config)
    [Anonymous Symbol]                       0x0800129c   Section        0  stm32l0xx_it.o(.text.SysTick_Handler)
    [Anonymous Symbol]                       0x080012a4   Section        0  main.o(.text.SystemClock_Config)
    __arm_cp.1_0                             0x08001318   Number         4  main.o(.text.SystemClock_Config)
    [Anonymous Symbol]                       0x0800131c   Section        0  system_stm32l0xx.o(.text.SystemInit)
    __NVIC_SetPriority                       0x08001321   Thumb Code   124  stm32l0xx_hal_cortex.o(.text.__NVIC_SetPriority)
    [Anonymous Symbol]                       0x08001320   Section        0  stm32l0xx_hal_cortex.o(.text.__NVIC_SetPriority)
    __arm_cp.1_0                             0x0800139c   Number         4  stm32l0xx_hal_cortex.o(.text.__NVIC_SetPriority)
    __arm_cp.1_1                             0x080013a0   Number         4  stm32l0xx_hal_cortex.o(.text.__NVIC_SetPriority)
    [Anonymous Symbol]                       0x080013a4   Section        0  main.o(.text.main)
    __arm_cp.0_0                             0x08001428   Number         4  main.o(.text.main)
    __arm_cp.0_1                             0x0800142c   Number         4  main.o(.text.main)
    __arm_cp.0_2                             0x08001430   Number         4  main.o(.text.main)
    __arm_cp.0_3                             0x08001434   Number         4  main.o(.text.main)
    __arm_cp.0_4                             0x08001438   Number         4  main.o(.text.main)
    .bss                                     0x20000010   Section       96  libspace.o(.bss)
    Heap_Mem                                 0x20000078   Data         512  startup_stm32l031xx.o(HEAP)
    HEAP                                     0x20000078   Section      512  startup_stm32l031xx.o(HEAP)
    Stack_Mem                                0x20000278   Data        1024  startup_stm32l031xx.o(STACK)
    STACK                                    0x20000278   Section     1024  startup_stm32l031xx.o(STACK)
    __initial_sp                             0x20000678   Data           0  startup_stm32l031xx.o(STACK)

    Global Symbols

    Symbol Name                              Value     Ov Type        Size  Object(Section)

    BuildAttributes$$THM_ISAv3M$S$PE$A:L22$X:L11$S22$IEEE1$IW$~IW$USESV6$~STKCKD$USESV7$~SHL$OSPACE$ROPI$EBA8$UX$STANDARDLIB$REQ8$PRES8$EABIv2 0x00000000   Number         0  anon$$obj.o ABSOLUTE
    __ARM_exceptions_init                     - Undefined Weak Reference
    __alloca_initialize                       - Undefined Weak Reference
    __arm_preinit_                            - Undefined Weak Reference
    __arm_relocate_pie_                       - Undefined Weak Reference
    __cpp_initialize__aeabi_                  - Undefined Weak Reference
    __cxa_finalize                            - Undefined Weak Reference
    __rt_locale                               - Undefined Weak Reference
    __sigvec_lookup                           - Undefined Weak Reference
    _atexit_init                              - Undefined Weak Reference
    _call_atexit_fns                          - Undefined Weak Reference
    _clock_init                               - Undefined Weak Reference
    _fp_trap_init                             - Undefined Weak Reference
    _fp_trap_shutdown                         - Undefined Weak Reference
    _get_lc_collate                           - Undefined Weak Reference
    _get_lc_ctype                             - Undefined Weak Reference
    _get_lc_monetary                          - Undefined Weak Reference
    _get_lc_numeric                           - Undefined Weak Reference
    _get_lc_time                              - Undefined Weak Reference
    _getenv_init                              - Undefined Weak Reference
    _handle_redirection                       - Undefined Weak Reference
    _init_alloc                               - Undefined Weak Reference
    _init_user_alloc                          - Undefined Weak Reference
    _initio                                   - Undefined Weak Reference
    _rand_init                                - Undefined Weak Reference
    _signal_finish                            - Undefined Weak Reference
    _signal_init                              - Undefined Weak Reference
    _terminate_alloc                          - Undefined Weak Reference
    _terminate_user_alloc                     - Undefined Weak Reference
    _terminateio                              - Undefined Weak Reference
    __Vectors_Size                           0x000000c0   Number         0  startup_stm32l031xx.o ABSOLUTE
    __Vectors                                0x08000000   Data           4  startup_stm32l031xx.o(RESET)
    __Vectors_End                            0x080000c0   Data           0  startup_stm32l031xx.o(RESET)
    __main                                   0x080000c1   Thumb Code     8  __main.o(!!!main)
    __scatterload                            0x080000c9   Thumb Code     0  __scatter.o(!!!scatter)
    __scatterload_rt2                        0x080000c9   Thumb Code    52  __scatter.o(!!!scatter)
    __scatterload_rt2_thumb_only             0x080000c9   Thumb Code     0  __scatter.o(!!!scatter)
    __scatterload_null                       0x080000d9   Thumb Code     0  __scatter.o(!!!scatter)
    __scatterload_copy                       0x08000105   Thumb Code    26  __scatter_copy.o(!!handler_copy)
    __scatterload_zeroinit                   0x08000121   Thumb Code    28  __scatter_zi.o(!!handler_zi)
    __rt_lib_init                            0x0800013d   Thumb Code     0  libinit.o(.ARM.Collect$$libinit$$00000000)
    __rt_lib_init_alloca_1                   0x0800013f   Thumb Code     0  libinit2.o(.ARM.Collect$$libinit$$00000030)
    __rt_lib_init_argv_1                     0x0800013f   Thumb Code     0  libinit2.o(.ARM.Collect$$libinit$$0000002E)
    __rt_lib_init_atexit_1                   0x0800013f   Thumb Code     0  libinit2.o(.ARM.Collect$$libinit$$0000001D)
    __rt_lib_init_clock_1                    0x0800013f   Thumb Code     0  libinit2.o(.ARM.Collect$$libinit$$00000023)
    __rt_lib_init_cpp_1                      0x0800013f   Thumb Code     0  libinit2.o(.ARM.Collect$$libinit$$00000034)
    __rt_lib_init_exceptions_1               0x0800013f   Thumb Code     0  libinit2.o(.ARM.Collect$$libinit$$00000032)
    __rt_lib_init_fp_1                       0x0800013f   Thumb Code     0  libinit2.o(.ARM.Collect$$libinit$$00000002)
    __rt_lib_init_fp_trap_1                  0x0800013f   Thumb Code     0  libinit2.o(.ARM.Collect$$libinit$$00000021)
    __rt_lib_init_getenv_1                   0x0800013f   Thumb Code     0  libinit2.o(.ARM.Collect$$libinit$$00000025)
    __rt_lib_init_heap_1                     0x0800013f   Thumb Code     0  libinit2.o(.ARM.Collect$$libinit$$0000000C)
    __rt_lib_init_lc_collate_1               0x0800013f   Thumb Code     0  libinit2.o(.ARM.Collect$$libinit$$00000013)
    __rt_lib_init_lc_ctype_1                 0x0800013f   Thumb Code     0  libinit2.o(.ARM.Collect$$libinit$$00000015)
    __rt_lib_init_lc_monetary_1              0x0800013f   Thumb Code     0  libinit2.o(.ARM.Collect$$libinit$$00000017)
    __rt_lib_init_lc_numeric_1               0x0800013f   Thumb Code     0  libinit2.o(.ARM.Collect$$libinit$$00000019)
    __rt_lib_init_lc_time_1                  0x0800013f   Thumb Code     0  libinit2.o(.ARM.Collect$$libinit$$0000001B)
    __rt_lib_init_preinit_1                  0x0800013f   Thumb Code     0  libinit2.o(.ARM.Collect$$libinit$$00000006)
    __rt_lib_init_rand_1                     0x0800013f   Thumb Code     0  libinit2.o(.ARM.Collect$$libinit$$00000010)
    __rt_lib_init_relocate_pie_1             0x0800013f   Thumb Code     0  libinit2.o(.ARM.Collect$$libinit$$00000004)
    __rt_lib_init_return                     0x0800013f   Thumb Code     0  libinit2.o(.ARM.Collect$$libinit$$00000035)
    __rt_lib_init_signal_1                   0x0800013f   Thumb Code     0  libinit2.o(.ARM.Collect$$libinit$$0000001F)
    __rt_lib_init_stdio_1                    0x0800013f   Thumb Code     0  libinit2.o(.ARM.Collect$$libinit$$00000027)
    __rt_lib_init_user_alloc_1               0x0800013f   Thumb Code     0  libinit2.o(.ARM.Collect$$libinit$$0000000E)
    __rt_lib_shutdown                        0x08000141   Thumb Code     0  libshutdown.o(.ARM.Collect$$libshutdown$$00000000)
    __rt_lib_shutdown_cpp_1                  0x08000143   Thumb Code     0  libshutdown2.o(.ARM.Collect$$libshutdown$$00000002)
    __rt_lib_shutdown_fp_trap_1              0x08000143   Thumb Code     0  libshutdown2.o(.ARM.Collect$$libshutdown$$00000007)
    __rt_lib_shutdown_heap_1                 0x08000143   Thumb Code     0  libshutdown2.o(.ARM.Collect$$libshutdown$$0000000F)
    __rt_lib_shutdown_return                 0x08000143   Thumb Code     0  libshutdown2.o(.ARM.Collect$$libshutdown$$00000010)
    __rt_lib_shutdown_signal_1               0x08000143   Thumb Code     0  libshutdown2.o(.ARM.Collect$$libshutdown$$0000000A)
    __rt_lib_shutdown_stdio_1                0x08000143   Thumb Code     0  libshutdown2.o(.ARM.Collect$$libshutdown$$00000004)
    __rt_lib_shutdown_user_alloc_1           0x08000143   Thumb Code     0  libshutdown2.o(.ARM.Collect$$libshutdown$$0000000C)
    __rt_entry                               0x08000145   Thumb Code     0  __rtentry.o(.ARM.Collect$$rtentry$$00000000)
    __rt_entry_presh_1                       0x08000145   Thumb Code     0  __rtentry2.o(.ARM.Collect$$rtentry$$00000002)
    __rt_entry_sh                            0x08000145   Thumb Code     0  __rtentry4.o(.ARM.Collect$$rtentry$$00000004)
    __rt_entry_li                            0x0800014b   Thumb Code     0  __rtentry2.o(.ARM.Collect$$rtentry$$0000000A)
    __rt_entry_postsh_1                      0x0800014b   Thumb Code     0  __rtentry2.o(.ARM.Collect$$rtentry$$00000009)
    __rt_entry_main                          0x0800014f   Thumb Code     0  __rtentry2.o(.ARM.Collect$$rtentry$$0000000D)
    __rt_entry_postli_1                      0x0800014f   Thumb Code     0  __rtentry2.o(.ARM.Collect$$rtentry$$0000000C)
    __rt_exit                                0x08000157   Thumb Code     0  rtexit.o(.ARM.Collect$$rtexit$$00000000)
    __rt_exit_ls                             0x08000159   Thumb Code     0  rtexit2.o(.ARM.Collect$$rtexit$$00000003)
    __rt_exit_prels_1                        0x08000159   Thumb Code     0  rtexit2.o(.ARM.Collect$$rtexit$$00000002)
    __rt_exit_exit                           0x0800015d   Thumb Code     0  rtexit2.o(.ARM.Collect$$rtexit$$00000004)
    Reset_Handler                            0x08000165   Thumb Code     8  startup_stm32l031xx.o(.text)
    ADC1_COMP_IRQHandler                     0x08000177   Thumb Code     0  startup_stm32l031xx.o(.text)
    DMA1_Channel1_IRQHandler                 0x08000177   Thumb Code     0  startup_stm32l031xx.o(.text)
    DMA1_Channel2_3_IRQHandler               0x08000177   Thumb Code     0  startup_stm32l031xx.o(.text)
    DMA1_Channel4_5_6_7_IRQHandler           0x08000177   Thumb Code     0  startup_stm32l031xx.o(.text)
    EXTI0_1_IRQHandler                       0x08000177   Thumb Code     0  startup_stm32l031xx.o(.text)
    EXTI2_3_IRQHandler                       0x08000177   Thumb Code     0  startup_stm32l031xx.o(.text)
    EXTI4_15_IRQHandler                      0x08000177   Thumb Code     0  startup_stm32l031xx.o(.text)
    FLASH_IRQHandler                         0x08000177   Thumb Code     0  startup_stm32l031xx.o(.text)
    I2C1_IRQHandler                          0x08000177   Thumb Code     0  startup_stm32l031xx.o(.text)
    LPTIM1_IRQHandler                        0x08000177   Thumb Code     0  startup_stm32l031xx.o(.text)
    LPUART1_IRQHandler                       0x08000177   Thumb Code     0  startup_stm32l031xx.o(.text)
    PVD_IRQHandler                           0x08000177   Thumb Code     0  startup_stm32l031xx.o(.text)
    RCC_IRQHandler                           0x08000177   Thumb Code     0  startup_stm32l031xx.o(.text)
    RTC_IRQHandler                           0x08000177   Thumb Code     0  startup_stm32l031xx.o(.text)
    SPI1_IRQHandler                          0x08000177   Thumb Code     0  startup_stm32l031xx.o(.text)
    TIM21_IRQHandler                         0x08000177   Thumb Code     0  startup_stm32l031xx.o(.text)
    TIM22_IRQHandler                         0x08000177   Thumb Code     0  startup_stm32l031xx.o(.text)
    TIM2_IRQHandler                          0x08000177   Thumb Code     0  startup_stm32l031xx.o(.text)
    USART2_IRQHandler                        0x08000177   Thumb Code     0  startup_stm32l031xx.o(.text)
    WWDG_IRQHandler                          0x08000177   Thumb Code     0  startup_stm32l031xx.o(.text)
    __user_initial_stackheap                 0x08000179   Thumb Code     0  startup_stm32l031xx.o(.text)
    __aeabi_lmul                             0x0800019d   Thumb Code    48  llmul.o(.text)
    _ll_mul                                  0x0800019d   Thumb Code     0  llmul.o(.text)
    __aeabi_uldivmod                         0x080001cd   Thumb Code   272  lludiv.o(.text)
    _ll_udiv                                 0x080001cd   Thumb Code     0  lludiv.o(.text)
    _memset_w                                0x080002dd   Thumb Code    26  rt_memclr.o(.text)
    _memset                                  0x080002f7   Thumb Code    30  rt_memclr.o(.text)
    __aeabi_memclr                           0x08000315   Thumb Code     4  rt_memclr.o(.text)
    __rt_memclr                              0x08000315   Thumb Code     0  rt_memclr.o(.text)
    __aeabi_memclr4                          0x08000319   Thumb Code     0  rt_memclr.o(.text)
    __aeabi_memclr8                          0x08000319   Thumb Code     0  rt_memclr.o(.text)
    __rt_memclr_w                            0x08000319   Thumb Code     4  rt_memclr.o(.text)
    __aeabi_uidiv                            0x0800031d   Thumb Code     0  aeabi_sdiv.o(.text)
    __aeabi_uidivmod                         0x0800031d   Thumb Code    20  aeabi_sdiv.o(.text)
    __aeabi_idiv                             0x08000331   Thumb Code     0  aeabi_sdiv.o(.text)
    __aeabi_idivmod                          0x08000331   Thumb Code   338  aeabi_sdiv.o(.text)
    __use_two_region_memory                  0x08000489   Thumb Code     2  heapauxi.o(.text)
    __rt_heap_escrow$2region                 0x0800048b   Thumb Code     2  heapauxi.o(.text)
    __rt_heap_expand$2region                 0x0800048d   Thumb Code     2  heapauxi.o(.text)
    __user_setup_stackheap                   0x0800048f   Thumb Code    62  sys_stackheap_outer.o(.text)
    exit                                     0x080004cd   Thumb Code    16  exit.o(.text)
    __user_libspace                          0x080004dd   Thumb Code     8  libspace.o(.text)
    __user_perproc_libspace                  0x080004dd   Thumb Code     0  libspace.o(.text)
    __user_perthread_libspace                0x080004dd   Thumb Code     0  libspace.o(.text)
    _sys_exit                                0x080004e5   Thumb Code     8  sys_exit.o(.text)
    __I$use$semihosting                      0x080004f1   Thumb Code     0  use_no_semi.o(.text)
    __use_no_semihosting_swi                 0x080004f1   Thumb Code     2  use_no_semi.o(.text)
    Error_Handler                            0x080004f3   Thumb Code     6  main.o(.text.Error_Handler)
    __semihosting_library_function           0x080004f3   Thumb Code     0  indicate_semi.o(.text)
    HAL_GetTick                              0x080004f9   Thumb Code     8  stm32l0xx_hal.o(.text.HAL_GetTick)
    HAL_IncTick                              0x08000501   Thumb Code    16  stm32l0xx_hal.o(.text.HAL_IncTick)
    HAL_Init                                 0x08000515   Thumb Code    56  stm32l0xx_hal.o(.text.HAL_Init)
    HAL_InitTick                             0x0800054d   Thumb Code   100  stm32l0xx_hal.o(.text.HAL_InitTick)
    HAL_MspInit                              0x080005b5   Thumb Code    24  stm32l0xx_hal_msp.o(.text.HAL_MspInit)
    HAL_NVIC_SetPriority                     0x080005d5   Thumb Code    28  stm32l0xx_hal_cortex.o(.text.HAL_NVIC_SetPriority)
    HAL_RCC_ClockConfig                      0x080005f1   Thumb Code   744  stm32l0xx_hal_rcc.o(.text.HAL_RCC_ClockConfig)
    HAL_RCC_GetSysClockFreq                  0x080008ed   Thumb Code   288  stm32l0xx_hal_rcc.o(.text.HAL_RCC_GetSysClockFreq)
    HAL_RCC_OscConfig                        0x08000a29   Thumb Code  1936  stm32l0xx_hal_rcc.o(.text.HAL_RCC_OscConfig)
    HAL_SYSTICK_Config                       0x080011d1   Thumb Code    16  stm32l0xx_hal_cortex.o(.text.HAL_SYSTICK_Config)
    HardFault_Handler                        0x080011e1   Thumb Code     4  stm32l0xx_it.o(.text.HardFault_Handler)
    Init_LED1                                0x080011e5   Thumb Code    84  main.o(.text.Init_LED1)
    NMI_Handler                              0x08001245   Thumb Code     4  stm32l0xx_it.o(.text.NMI_Handler)
    PendSV_Handler                           0x08001249   Thumb Code     2  stm32l0xx_it.o(.text.PendSV_Handler)
    SVC_Handler                              0x0800124b   Thumb Code     2  stm32l0xx_it.o(.text.SVC_Handler)
    SysTick_Handler                          0x0800129d   Thumb Code     8  stm32l0xx_it.o(.text.SysTick_Handler)
    SystemClock_Config                       0x080012a5   Thumb Code   116  main.o(.text.SystemClock_Config)
    SystemInit                               0x0800131d   Thumb Code     2  system_stm32l0xx.o(.text.SystemInit)
    main                                     0x080013a5   Thumb Code   132  main.o(.text.main)
    AHBPrescTable                            0x0800143c   Data          16  system_stm32l0xx.o(.rodata.AHBPrescTable)
    PLLMulTable                              0x0800144c   Data           9  system_stm32l0xx.o(.rodata.PLLMulTable)
    Region$$Table$$Base                      0x08001458   Number         0  anon$$obj.o(Region$$Table)
    Region$$Table$$Limit                     0x08001478   Number         0  anon$$obj.o(Region$$Table)
    SystemCoreClock                          0x20000000   Data           4  system_stm32l0xx.o(.data.SystemCoreClock)
    uwTickFreq                               0x20000004   Data           1  stm32l0xx_hal.o(.data.uwTickFreq)
    uwTickPrio                               0x20000008   Data           4  stm32l0xx_hal.o(.data.uwTickPrio)
    __libspace_start                         0x20000010   Data          96  libspace.o(.bss)
    __temporary_stack_top$libspace           0x20000070   Data           0  libspace.o(.bss)
    uwTick                                   0x20000070   Data           4  stm32l0xx_hal.o(.bss.uwTick)



==============================================================================

Memory Map of the image

  Image Entry point : 0x08000165

  Load Region LR_1 (Base: 0x08000000, Size: 0x00001484, Max: 0xffffffff, ABSOLUTE)

    Execution Region ER_RO (Exec base: 0x08000000, Load base: 0x08000000, Size: 0x00001478, Max: 0xffffffff, ABSOLUTE)

    Exec Addr    Load Addr    Size         Type   Attr      Idx    E Section Name        Object

    0x08000000   0x08000000   0x000000c0   Data   RO         1311    RESET               startup_stm32l031xx.o
    0x080000c0   0x080000c0   0x00000008   Code   RO         1355  * !!!main             c_p.l(__main.o)
    0x080000c8   0x080000c8   0x0000003c   Code   RO         1536    !!!scatter          c_p.l(__scatter.o)
    0x08000104   0x08000104   0x0000001a   Code   RO         1538    !!handler_copy      c_p.l(__scatter_copy.o)
    0x0800011e   0x0800011e   0x00000002   PAD
    0x08000120   0x08000120   0x0000001c   Code   RO         1540    !!handler_zi        c_p.l(__scatter_zi.o)
    0x0800013c   0x0800013c   0x00000002   Code   RO         1397    .ARM.Collect$$libinit$$00000000  c_p.l(libinit.o)
    0x0800013e   0x0800013e   0x00000000   Code   RO         1411    .ARM.Collect$$libinit$$00000002  c_p.l(libinit2.o)
    0x0800013e   0x0800013e   0x00000000   Code   RO         1413    .ARM.Collect$$libinit$$00000004  c_p.l(libinit2.o)
    0x0800013e   0x0800013e   0x00000000   Code   RO         1415    .ARM.Collect$$libinit$$00000006  c_p.l(libinit2.o)
    0x0800013e   0x0800013e   0x00000000   Code   RO         1418    .ARM.Collect$$libinit$$0000000C  c_p.l(libinit2.o)
    0x0800013e   0x0800013e   0x00000000   Code   RO         1420    .ARM.Collect$$libinit$$0000000E  c_p.l(libinit2.o)
    0x0800013e   0x0800013e   0x00000000   Code   RO         1422    .ARM.Collect$$libinit$$00000010  c_p.l(libinit2.o)
    0x0800013e   0x0800013e   0x00000000   Code   RO         1425    .ARM.Collect$$libinit$$00000013  c_p.l(libinit2.o)
    0x0800013e   0x0800013e   0x00000000   Code   RO         1427    .ARM.Collect$$libinit$$00000015  c_p.l(libinit2.o)
    0x0800013e   0x0800013e   0x00000000   Code   RO         1429    .ARM.Collect$$libinit$$00000017  c_p.l(libinit2.o)
    0x0800013e   0x0800013e   0x00000000   Code   RO         1431    .ARM.Collect$$libinit$$00000019  c_p.l(libinit2.o)
    0x0800013e   0x0800013e   0x00000000   Code   RO         1433    .ARM.Collect$$libinit$$0000001B  c_p.l(libinit2.o)
    0x0800013e   0x0800013e   0x00000000   Code   RO         1435    .ARM.Collect$$libinit$$0000001D  c_p.l(libinit2.o)
    0x0800013e   0x0800013e   0x00000000   Code   RO         1437    .ARM.Collect$$libinit$$0000001F  c_p.l(libinit2.o)
    0x0800013e   0x0800013e   0x00000000   Code   RO         1439    .ARM.Collect$$libinit$$00000021  c_p.l(libinit2.o)
    0x0800013e   0x0800013e   0x00000000   Code   RO         1441    .ARM.Collect$$libinit$$00000023  c_p.l(libinit2.o)
    0x0800013e   0x0800013e   0x00000000   Code   RO         1443    .ARM.Collect$$libinit$$00000025  c_p.l(libinit2.o)
    0x0800013e   0x0800013e   0x00000000   Code   RO         1445    .ARM.Collect$$libinit$$00000027  c_p.l(libinit2.o)
    0x0800013e   0x0800013e   0x00000000   Code   RO         1449    .ARM.Collect$$libinit$$0000002E  c_p.l(libinit2.o)
    0x0800013e   0x0800013e   0x00000000   Code   RO         1451    .ARM.Collect$$libinit$$00000030  c_p.l(libinit2.o)
    0x0800013e   0x0800013e   0x00000000   Code   RO         1453    .ARM.Collect$$libinit$$00000032  c_p.l(libinit2.o)
    0x0800013e   0x0800013e   0x00000000   Code   RO         1455    .ARM.Collect$$libinit$$00000034  c_p.l(libinit2.o)
    0x0800013e   0x0800013e   0x00000002   Code   RO         1456    .ARM.Collect$$libinit$$00000035  c_p.l(libinit2.o)
    0x08000140   0x08000140   0x00000002   Code   RO         1491    .ARM.Collect$$libshutdown$$00000000  c_p.l(libshutdown.o)
    0x08000142   0x08000142   0x00000000   Code   RO         1519    .ARM.Collect$$libshutdown$$00000002  c_p.l(libshutdown2.o)
    0x08000142   0x08000142   0x00000000   Code   RO         1521    .ARM.Collect$$libshutdown$$00000004  c_p.l(libshutdown2.o)
    0x08000142   0x08000142   0x00000000   Code   RO         1524    .ARM.Collect$$libshutdown$$00000007  c_p.l(libshutdown2.o)
    0x08000142   0x08000142   0x00000000   Code   RO         1527    .ARM.Collect$$libshutdown$$0000000A  c_p.l(libshutdown2.o)
    0x08000142   0x08000142   0x00000000   Code   RO         1529    .ARM.Collect$$libshutdown$$0000000C  c_p.l(libshutdown2.o)
    0x08000142   0x08000142   0x00000000   Code   RO         1532    .ARM.Collect$$libshutdown$$0000000F  c_p.l(libshutdown2.o)
    0x08000142   0x08000142   0x00000002   Code   RO         1533    .ARM.Collect$$libshutdown$$00000010  c_p.l(libshutdown2.o)
    0x08000144   0x08000144   0x00000000   Code   RO         1357    .ARM.Collect$$rtentry$$00000000  c_p.l(__rtentry.o)
    0x08000144   0x08000144   0x00000000   Code   RO         1367    .ARM.Collect$$rtentry$$00000002  c_p.l(__rtentry2.o)
    0x08000144   0x08000144   0x00000006   Code   RO         1379    .ARM.Collect$$rtentry$$00000004  c_p.l(__rtentry4.o)
    0x0800014a   0x0800014a   0x00000000   Code   RO         1369    .ARM.Collect$$rtentry$$00000009  c_p.l(__rtentry2.o)
    0x0800014a   0x0800014a   0x00000004   Code   RO         1370    .ARM.Collect$$rtentry$$0000000A  c_p.l(__rtentry2.o)
    0x0800014e   0x0800014e   0x00000000   Code   RO         1372    .ARM.Collect$$rtentry$$0000000C  c_p.l(__rtentry2.o)
    0x0800014e   0x0800014e   0x00000008   Code   RO         1373    .ARM.Collect$$rtentry$$0000000D  c_p.l(__rtentry2.o)
    0x08000156   0x08000156   0x00000002   Code   RO         1402    .ARM.Collect$$rtexit$$00000000  c_p.l(rtexit.o)
    0x08000158   0x08000158   0x00000000   Code   RO         1462    .ARM.Collect$$rtexit$$00000002  c_p.l(rtexit2.o)
    0x08000158   0x08000158   0x00000004   Code   RO         1463    .ARM.Collect$$rtexit$$00000003  c_p.l(rtexit2.o)
    0x0800015c   0x0800015c   0x00000006   Code   RO         1464    .ARM.Collect$$rtexit$$00000004  c_p.l(rtexit2.o)
    0x08000162   0x08000162   0x00000002   PAD
    0x08000164   0x08000164   0x00000038   Code   RO         1312  * .text               startup_stm32l031xx.o
    0x0800019c   0x0800019c   0x00000030   Code   RO         1343    .text               c_p.l(llmul.o)
    0x080001cc   0x080001cc   0x00000110   Code   RO         1345    .text               c_p.l(lludiv.o)
    0x080002dc   0x080002dc   0x00000040   Code   RO         1347    .text               c_p.l(rt_memclr.o)
    0x0800031c   0x0800031c   0x0000016c   Code   RO         1349    .text               c_p.l(aeabi_sdiv.o)
    0x08000488   0x08000488   0x00000006   Code   RO         1353    .text               c_p.l(heapauxi.o)
    0x0800048e   0x0800048e   0x0000003e   Code   RO         1383    .text               c_p.l(sys_stackheap_outer.o)
    0x080004cc   0x080004cc   0x00000010   Code   RO         1386    .text               c_p.l(exit.o)
    0x080004dc   0x080004dc   0x00000008   Code   RO         1398    .text               c_p.l(libspace.o)
    0x080004e4   0x080004e4   0x0000000c   Code   RO         1457    .text               c_p.l(sys_exit.o)
    0x080004f0   0x080004f0   0x00000002   Code   RO         1480    .text               c_p.l(use_no_semi.o)
    0x080004f2   0x080004f2   0x00000000   Code   RO         1482    .text               c_p.l(indicate_semi.o)
    0x080004f2   0x080004f2   0x00000006   Code   RO           10    .text.Error_Handler  main.o
    0x080004f8   0x080004f8   0x00000008   Code   RO           49    .text.HAL_GetTick   stm32l0xx_hal.o
    0x08000500   0x08000500   0x00000014   Code   RO           47    .text.HAL_IncTick   stm32l0xx_hal.o
    0x08000514   0x08000514   0x00000038   Code   RO           37    .text.HAL_Init      stm32l0xx_hal.o
    0x0800054c   0x0800054c   0x00000068   Code   RO           39    .text.HAL_InitTick  stm32l0xx_hal.o
    0x080005b4   0x080005b4   0x00000020   Code   RO         1319    .text.HAL_MspInit   stm32l0xx_hal_msp.o
    0x080005d4   0x080005d4   0x0000001c   Code   RO          113    .text.HAL_NVIC_SetPriority  stm32l0xx_hal_cortex.o
    0x080005f0   0x080005f0   0x000002fc   Code   RO          619    .text.HAL_RCC_ClockConfig  stm32l0xx_hal_rcc.o
    0x080008ec   0x080008ec   0x0000013c   Code   RO          617    .text.HAL_RCC_GetSysClockFreq  stm32l0xx_hal_rcc.o
    0x08000a28   0x08000a28   0x000007a8   Code   RO          615    .text.HAL_RCC_OscConfig  stm32l0xx_hal_rcc.o
    0x080011d0   0x080011d0   0x00000010   Code   RO          129    .text.HAL_SYSTICK_Config  stm32l0xx_hal_cortex.o
    0x080011e0   0x080011e0   0x00000004   Code   RO           22    .text.HardFault_Handler  stm32l0xx_it.o
    0x080011e4   0x080011e4   0x00000060   Code   RO            6    .text.Init_LED1     main.o
    0x08001244   0x08001244   0x00000004   Code   RO           20    .text.NMI_Handler   stm32l0xx_it.o
    0x08001248   0x08001248   0x00000002   Code   RO           26    .text.PendSV_Handler  stm32l0xx_it.o
    0x0800124a   0x0800124a   0x00000002   Code   RO           24    .text.SVC_Handler   stm32l0xx_it.o
    0x0800124c   0x0800124c   0x00000050   Code   RO          131    .text.SysTick_Config  stm32l0xx_hal_cortex.o
    0x0800129c   0x0800129c   0x00000008   Code   RO           28    .text.SysTick_Handler  stm32l0xx_it.o
    0x080012a4   0x080012a4   0x00000078   Code   RO            4    .text.SystemClock_Config  main.o
    0x0800131c   0x0800131c   0x00000002   Code   RO         1327    .text.SystemInit    system_stm32l0xx.o
    0x0800131e   0x0800131e   0x00000002   PAD
    0x08001320   0x08001320   0x00000084   Code   RO          115    .text.__NVIC_SetPriority  stm32l0xx_hal_cortex.o
    0x080013a4   0x080013a4   0x00000098   Code   RO            2    .text.main          main.o
    0x0800143c   0x0800143c   0x00000010   Data   RO         1332    .rodata.AHBPrescTable  system_stm32l0xx.o
    0x0800144c   0x0800144c   0x00000009   Data   RO         1334    .rodata.PLLMulTable  system_stm32l0xx.o
    0x08001455   0x08001455   0x00000003   PAD
    0x08001458   0x08001458   0x00000020   Data   RO         1535    Region$$Table       anon$$obj.o


    Execution Region ER_RW (Exec base: 0x20000000, Load base: 0x08001478, Size: 0x0000000c, Max: 0xffffffff, ABSOLUTE)

    Exec Addr    Load Addr    Size         Type   Attr      Idx    E Section Name        Object

    0x20000000   0x08001478   0x00000004   Data   RW         1331    .data.SystemCoreClock  system_stm32l0xx.o
    0x20000004   0x0800147c   0x00000001   Data   RW          100    .data.uwTickFreq    stm32l0xx_hal.o
    0x20000005   0x0800147d   0x00000003   PAD
    0x20000008   0x08001480   0x00000004   Data   RW           99    .data.uwTickPrio    stm32l0xx_hal.o


    Execution Region ER_ZI (Exec base: 0x20000010, Load base: 0x08001484, Size: 0x00000668, Max: 0xffffffff, ABSOLUTE)

    Exec Addr    Load Addr    Size         Type   Attr      Idx    E Section Name        Object

    0x20000010        -       0x00000060   Zero   RW         1399    .bss                c_p.l(libspace.o)
    0x20000070        -       0x00000004   Zero   RW          101    .bss.uwTick         stm32l0xx_hal.o
    0x20000074   0x08001484   0x00000004   PAD
    0x20000078        -       0x00000200   Zero   RW         1310    HEAP                startup_stm32l031xx.o
    0x20000278        -       0x00000400   Zero   RW         1309    STACK               startup_stm32l031xx.o


==============================================================================

Image component sizes


      Code (inc. data)   RO Data    RW Data    ZI Data      Debug   Object Name

       374         36          0          0          0       3429   main.o
        56         26        192          0       1536        928   startup_stm32l031xx.o
       188          8          0          5          4       6702   stm32l0xx_hal.o
       256         20          0          0          0       5225   stm32l0xx_hal_cortex.o
        32          8          0          0          0       1416   stm32l0xx_hal_msp.o
      3040        148          0          0          0       8730   stm32l0xx_hal_rcc.o
        20          0          0          0          0        805   stm32l0xx_it.o
         2          0         25          4          0       2248   system_stm32l0xx.o

    ----------------------------------------------------------------------
      3970        246        252         12       1544      29483   Object Totals
         0          0         32          0          0          0   (incl. Generated)
         2          0          3          3          4          0   (incl. Padding)

    ----------------------------------------------------------------------

      Code (inc. data)   RO Data    RW Data    ZI Data      Debug   Library Member Name

         8          0          0          0          0         68   __main.o
         0          0          0          0          0          0   __rtentry.o
        12          0          0          0          0          0   __rtentry2.o
         6          0          0          0          0          0   __rtentry4.o
        60          8          0          0          0          0   __scatter.o
        26          0          0          0          0          0   __scatter_copy.o
        28          0          0          0          0          0   __scatter_zi.o
       364          4          0          0          0         92   aeabi_sdiv.o
        16          0          0          0          0         68   exit.o
         6          0          0          0          0        136   heapauxi.o
         0          0          0          0          0          0   indicate_semi.o
         2          0          0          0          0          0   libinit.o
         2          0          0          0          0          0   libinit2.o
         2          0          0          0          0          0   libshutdown.o
         2          0          0          0          0          0   libshutdown2.o
         8          4          0          0         96         68   libspace.o
        48          0          0          0          0         72   llmul.o
       272          0          0          0          0         88   lludiv.o
        64          0          0          0          0        108   rt_memclr.o
         2          0          0          0          0          0   rtexit.o
        10          0          0          0          0          0   rtexit2.o
        12          4          0          0          0         60   sys_exit.o
        62          0          0          0          0         80   sys_stackheap_outer.o
         2          0          0          0          0         68   use_no_semi.o

    ----------------------------------------------------------------------
      1018         20          0          0         96        908   Library Totals
         4          0          0          0          0          0   (incl. Padding)

    ----------------------------------------------------------------------

      Code (inc. data)   RO Data    RW Data    ZI Data      Debug   Library Name

      1014         20          0          0         96        908   c_p.l

    ----------------------------------------------------------------------
      1018         20          0          0         96        908   Library Totals

    ----------------------------------------------------------------------

==============================================================================


      Code (inc. data)   RO Data    RW Data    ZI Data      Debug   

      4988        266        252         12       1640      29995   Grand Totals
      4988        266        252         12       1640      29995   ELF Image Totals
      4988        266        252         12          0          0   ROM Totals

==============================================================================

    Total RO  Size (Code + RO Data)                 5240 (   5.12kB)
    Total RW  Size (RW Data + ZI Data)              1652 (   1.61kB)
    Total ROM Size (Code + RO Data + RW Data)       5252 (   5.13kB)

==============================================================================

